Archive member included because of file (symbol)

c:/program files (x86)/gnu tools arm embedded/4.9 2015q2/bin/../lib/gcc/arm-none-eabi/4.9.3/../../../../arm-none-eabi/lib/armv7e-m/fpu\libm.a(lib_a-sf_atan.o)
                              bin/neopixelring.o (atanf)
c:/program files (x86)/gnu tools arm embedded/4.9 2015q2/bin/../lib/gcc/arm-none-eabi/4.9.3/../../../../arm-none-eabi/lib/armv7e-m/fpu\libm.a(lib_a-sf_cos.o)
                              bin/imu_cf2.o (cosf)
c:/program files (x86)/gnu tools arm embedded/4.9 2015q2/bin/../lib/gcc/arm-none-eabi/4.9.3/../../../../arm-none-eabi/lib/armv7e-m/fpu\libm.a(lib_a-sf_fabs.o)
                              c:/program files (x86)/gnu tools arm embedded/4.9 2015q2/bin/../lib/gcc/arm-none-eabi/4.9.3/../../../../arm-none-eabi/lib/armv7e-m/fpu\libm.a(lib_a-sf_atan.o) (fabsf)
c:/program files (x86)/gnu tools arm embedded/4.9 2015q2/bin/../lib/gcc/arm-none-eabi/4.9.3/../../../../arm-none-eabi/lib/armv7e-m/fpu\libm.a(lib_a-sf_sin.o)
                              bin/imu_cf2.o (sinf)
c:/program files (x86)/gnu tools arm embedded/4.9 2015q2/bin/../lib/gcc/arm-none-eabi/4.9.3/../../../../arm-none-eabi/lib/armv7e-m/fpu\libm.a(lib_a-sf_tan.o)
                              bin/imu_cf2.o (tanf)
c:/program files (x86)/gnu tools arm embedded/4.9 2015q2/bin/../lib/gcc/arm-none-eabi/4.9.3/../../../../arm-none-eabi/lib/armv7e-m/fpu\libm.a(lib_a-wf_asin.o)
                              bin/sensfusion6.o (asinf)
c:/program files (x86)/gnu tools arm embedded/4.9 2015q2/bin/../lib/gcc/arm-none-eabi/4.9.3/../../../../arm-none-eabi/lib/armv7e-m/fpu\libm.a(lib_a-wf_atan2.o)
                              bin/sensfusion6.o (atan2f)
c:/program files (x86)/gnu tools arm embedded/4.9 2015q2/bin/../lib/gcc/arm-none-eabi/4.9.3/../../../../arm-none-eabi/lib/armv7e-m/fpu\libm.a(lib_a-wf_pow.o)
                              bin/lps25h.o (powf)
c:/program files (x86)/gnu tools arm embedded/4.9 2015q2/bin/../lib/gcc/arm-none-eabi/4.9.3/../../../../arm-none-eabi/lib/armv7e-m/fpu\libm.a(lib_a-ef_asin.o)
                              c:/program files (x86)/gnu tools arm embedded/4.9 2015q2/bin/../lib/gcc/arm-none-eabi/4.9.3/../../../../arm-none-eabi/lib/armv7e-m/fpu\libm.a(lib_a-wf_asin.o) (__ieee754_asinf)
c:/program files (x86)/gnu tools arm embedded/4.9 2015q2/bin/../lib/gcc/arm-none-eabi/4.9.3/../../../../arm-none-eabi/lib/armv7e-m/fpu\libm.a(lib_a-ef_atan2.o)
                              c:/program files (x86)/gnu tools arm embedded/4.9 2015q2/bin/../lib/gcc/arm-none-eabi/4.9.3/../../../../arm-none-eabi/lib/armv7e-m/fpu\libm.a(lib_a-wf_atan2.o) (__ieee754_atan2f)
c:/program files (x86)/gnu tools arm embedded/4.9 2015q2/bin/../lib/gcc/arm-none-eabi/4.9.3/../../../../arm-none-eabi/lib/armv7e-m/fpu\libm.a(lib_a-ef_pow.o)
                              c:/program files (x86)/gnu tools arm embedded/4.9 2015q2/bin/../lib/gcc/arm-none-eabi/4.9.3/../../../../arm-none-eabi/lib/armv7e-m/fpu\libm.a(lib_a-wf_pow.o) (__ieee754_powf)
c:/program files (x86)/gnu tools arm embedded/4.9 2015q2/bin/../lib/gcc/arm-none-eabi/4.9.3/../../../../arm-none-eabi/lib/armv7e-m/fpu\libm.a(lib_a-ef_rem_pio2.o)
                              c:/program files (x86)/gnu tools arm embedded/4.9 2015q2/bin/../lib/gcc/arm-none-eabi/4.9.3/../../../../arm-none-eabi/lib/armv7e-m/fpu\libm.a(lib_a-sf_cos.o) (__ieee754_rem_pio2f)
c:/program files (x86)/gnu tools arm embedded/4.9 2015q2/bin/../lib/gcc/arm-none-eabi/4.9.3/../../../../arm-none-eabi/lib/armv7e-m/fpu\libm.a(lib_a-ef_sqrt.o)
                              c:/program files (x86)/gnu tools arm embedded/4.9 2015q2/bin/../lib/gcc/arm-none-eabi/4.9.3/../../../../arm-none-eabi/lib/armv7e-m/fpu\libm.a(lib_a-ef_asin.o) (__ieee754_sqrtf)
c:/program files (x86)/gnu tools arm embedded/4.9 2015q2/bin/../lib/gcc/arm-none-eabi/4.9.3/../../../../arm-none-eabi/lib/armv7e-m/fpu\libm.a(lib_a-kf_cos.o)
                              c:/program files (x86)/gnu tools arm embedded/4.9 2015q2/bin/../lib/gcc/arm-none-eabi/4.9.3/../../../../arm-none-eabi/lib/armv7e-m/fpu\libm.a(lib_a-sf_cos.o) (__kernel_cosf)
c:/program files (x86)/gnu tools arm embedded/4.9 2015q2/bin/../lib/gcc/arm-none-eabi/4.9.3/../../../../arm-none-eabi/lib/armv7e-m/fpu\libm.a(lib_a-kf_rem_pio2.o)
                              c:/program files (x86)/gnu tools arm embedded/4.9 2015q2/bin/../lib/gcc/arm-none-eabi/4.9.3/../../../../arm-none-eabi/lib/armv7e-m/fpu\libm.a(lib_a-ef_rem_pio2.o) (__kernel_rem_pio2f)
c:/program files (x86)/gnu tools arm embedded/4.9 2015q2/bin/../lib/gcc/arm-none-eabi/4.9.3/../../../../arm-none-eabi/lib/armv7e-m/fpu\libm.a(lib_a-kf_sin.o)
                              c:/program files (x86)/gnu tools arm embedded/4.9 2015q2/bin/../lib/gcc/arm-none-eabi/4.9.3/../../../../arm-none-eabi/lib/armv7e-m/fpu\libm.a(lib_a-sf_cos.o) (__kernel_sinf)
c:/program files (x86)/gnu tools arm embedded/4.9 2015q2/bin/../lib/gcc/arm-none-eabi/4.9.3/../../../../arm-none-eabi/lib/armv7e-m/fpu\libm.a(lib_a-kf_tan.o)
[...]
Memory Configuration

Name             Origin             Length             Attributes
RAM              0x20000000         0x00020000         xrw
FLASH            0x08004000         0x000fc000         xr
FLASHPATCH       0x00000000         0x00000000         r
ENDFLASH         0x00000000         0x00000000         xr
FLASHB1          0x00000000         0x00000000         xr
EXTMEMB0         0x00000000         0x00000000         xr
EXTMEMB1         0x00000000         0x00000000         xr
EXTMEMB2         0x00000000         0x00000000         xr
EXTMEMB3         0x00000000         0x00000000         xr
*default*        0x00000000         0xffffffff

Linker script and memory map

LOAD c:/program files (x86)/gnu tools arm embedded/4.9 2015q2/bin/../lib/gcc/arm-none-eabi/4.9.3/armv7e-m/fpu/crti.o
LOAD c:/program files (x86)/gnu tools arm embedded/4.9 2015q2/bin/../lib/gcc/arm-none-eabi/4.9.3/armv7e-m/fpu/crtbegin.o
LOAD c:/program files (x86)/gnu tools arm embedded/4.9 2015q2/bin/../lib/gcc/arm-none-eabi/4.9.3/../../../../arm-none-eabi/lib/armv7e-m/fpu/crt0.o
LOAD bin/list.o
LOAD bin/tasks.o
LOAD bin/queue.o
LOAD bin/timers.o
LOAD bin/heap_4.o
LOAD bin/port.o
LOAD bin/stm32f4xx_adc.o
LOAD bin/stm32f4xx_dbgmcu.o
LOAD bin/stm32f4xx_dma.o
LOAD bin/stm32f4xx_exti.o
LOAD bin/stm32f4xx_flash.o
LOAD bin/stm32f4xx_gpio.o
LOAD bin/stm32f4xx_i2c.o
LOAD bin/stm32f4xx_iwdg.o
LOAD bin/stm32f4xx_rcc.o
LOAD bin/stm32f4xx_spi.o
LOAD bin/stm32f4xx_tim.o
LOAD bin/stm32f4xx_usart.o
LOAD bin/stm32f4xx_misc.o
LOAD bin/stm32f4xx_syscfg.o
LOAD bin/main.o
LOAD bin/exti.o
LOAD bin/nvic.o
LOAD bin/motors.o
LOAD bin/crtp.o
LOAD bin/ledseq.o
LOAD bin/freeRTOSdebug.o
LOAD bin/system.o
LOAD bin/comm.o
LOAD bin/console.o
LOAD bin/pid.o
LOAD bin/crtpservice.o
LOAD bin/param.o
LOAD bin/mem.o
LOAD bin/commander.o
LOAD bin/controller.o
LOAD bin/sensfusion6.o
LOAD bin/stabilizer.o
LOAD bin/log.o
LOAD bin/worker.o
LOAD bin/trigger.o
LOAD bin/sitaw.o
LOAD bin/filter.o
LOAD bin/cpuid.o
LOAD bin/cfassert.o
LOAD bin/eprintf.o
LOAD bin/crc.o
LOAD bin/fp16.o
LOAD bin/debug.o
LOAD bin/version.o
LOAD bin/startup_stm32f40xx.o
LOAD bin/system_stm32f4xx.o
LOAD bin/cpal_hal.o
LOAD bin/cpal_i2c.o
LOAD bin/cpal_usercallback_template.o
LOAD bin/cpal_i2c_hal_stm32f4xx.o
LOAD bin/usb_core.o
LOAD bin/usb_dcd_int.o
LOAD bin/usb_dcd.o
LOAD bin/usbd_ioreq.o
LOAD bin/usbd_req.o
LOAD bin/usbd_core.o
LOAD bin/platform_cf2.o
LOAD bin/led_f405.o
LOAD bin/mpu6500.o
LOAD bin/i2cdev_f405.o
LOAD bin/ws2812.o
LOAD bin/lps25h.o
LOAD bin/ak8963.o
LOAD bin/eeprom.o
LOAD bin/maxsonar.o
LOAD bin/uart_syslink.o
LOAD bin/swd.o
LOAD bin/uart1.o
LOAD bin/uart2.o
LOAD bin/sonar.o
LOAD bin/usb_bsp.o
LOAD bin/usblink.o
LOAD bin/usbd_desc.o
LOAD bin/usb.o
LOAD bin/imu_cf2.o
LOAD bin/pm_f405.o
LOAD bin/syslink.o
LOAD bin/radiolink.o
LOAD bin/ow_syslink.o
LOAD bin/proximity.o
LOAD bin/neopixelring.o
LOAD bin/expbrd.o
LOAD bin/platformservice.o
LOAD bin/exptest.o
LOAD bin/deck_constants.o
LOAD bin/deck_digital.o
LOAD bin/deck_analog.o
LOAD bin/configblockeeprom.o
LOAD c:/program files (x86)/gnu tools arm embedded/4.9 2015q2/bin/../lib/gcc/arm-none-eabi/4.9.3/../../../../arm-none-eabi/lib/armv7e-m/fpu\libm.a
START GROUP
LOAD c:/program files (x86)/gnu tools arm embedded/4.9 2015q2/bin/../lib/gcc/arm-none-eabi/4.9.3/armv7e-m/fpu\libgcc.a
LOAD c:/program files (x86)/gnu tools arm embedded/4.9 2015q2/bin/../lib/gcc/arm-none-eabi/4.9.3/../../../../arm-none-eabi/lib/armv7e-m/fpu\libc_nano.a
END GROUP
START GROUP
LOAD c:/program files (x86)/gnu tools arm embedded/4.9 2015q2/bin/../lib/gcc/arm-none-eabi/4.9.3/armv7e-m/fpu\libgcc.a
LOAD c:/program files (x86)/gnu tools arm embedded/4.9 2015q2/bin/../lib/gcc/arm-none-eabi/4.9.3/../../../../arm-none-eabi/lib/armv7e-m/fpu\libc_nano.a
END GROUP
LOAD c:/program files (x86)/gnu tools arm embedded/4.9 2015q2/bin/../lib/gcc/arm-none-eabi/4.9.3/armv7e-m/fpu/crtend.o
LOAD c:/program files (x86)/gnu tools arm embedded/4.9 2015q2/bin/../lib/gcc/arm-none-eabi/4.9.3/armv7e-m/fpu/crtn.o
                0x00000400                __Stack_Size = 0x400
                0x00000400                PROVIDE (_Stack_Size, __Stack_Size)
                0x2001fbff                __Stack_Init = (_estack - __Stack_Size)
                0x2001fbff                PROVIDE (_Stack_Init, __Stack_Init)
                0x00000100                _Minimum_Stack_Size = 0x100
                0x00000000                PROVIDE (Undefined_Handler, 0x0)
                0x00000000                PROVIDE (SWI_Handler, 0x0)
                0x00000000                PROVIDE (IRQ_Handler, 0x0)
                0x00000000                PROVIDE (Prefetch_Handler, 0x0)
                0x00000000                PROVIDE (Abort_Handler, 0x0)
                0x00000000                PROVIDE (FIQ_Handler, 0x0)
                0x00000000                PROVIDE (NMIException, 0x0)
                0x00000000                PROVIDE (NMI_Handler, 0x0)
                0x00000000                PROVIDE (HardFaultException, 0x0)
                0x00000000                PROVIDE (HardFault_Handler, 0x0)
                0x00000000                PROVIDE (MemManageException, 0x0)
                0x00000000                PROVIDE (MemManage_Handler, 0x0)
                0x00000000                PROVIDE (BusFaultException, 0x0)
                0x00000000                PROVIDE (BusFault_Handler, 0x0)
                0x00000000                PROVIDE (UsageFaultException, 0x0)
                0x00000000                PROVIDE (UsageFault_Handler, 0x0)
                0x00000000                PROVIDE (SVCHandler, 0x0)
                0x00000000                PROVIDE (SVC_Handler, 0x0)
                0x00000000                PROVIDE (DebugMonitor, 0x0)
                0x00000000                PROVIDE (DebugMon_Handler, 0x0)
                0x00000000                PROVIDE (PendSVC, 0x0)
                0x00000000                PROVIDE (PendSV_Handler, 0x0)
                0x00000000                PROVIDE (SysTickHandler, 0x0)
                0x00000000                PROVIDE (SysTick_Handler, 0x0)
                0x00000000                PROVIDE (WWDG_IRQHandler, 0x0)
                0x00000000                PROVIDE (PVD_IRQHandler, 0x0)
                0x00000000                PROVIDE (TAMPER_IRQHandler, 0x0)
                0x00000000                PROVIDE (RTC_IRQHandler, 0x0)
                0x00000000                PROVIDE (FLASH_IRQHandler, 0x0)
                0x00000000                PROVIDE (RCC_IRQHandler, 0x0)
                0x00000000                PROVIDE (EXTI0_IRQHandler, 0x0)
                0x00000000                PROVIDE (EXTI1_IRQHandler, 0x0)
                0x00000000                PROVIDE (EXTI2_IRQHandler, 0x0)
                0x00000000                PROVIDE (EXTI3_IRQHandler, 0x0)
                0x00000000                PROVIDE (EXTI4_IRQHandler, 0x0)
                0x00000000                PROVIDE (DMAChannel1_IRQHandler, 0x0)
                0x00000000                PROVIDE (DMAChannel2_IRQHandler, 0x0)
                0x00000000                PROVIDE (DMAChannel3_IRQHandler, 0x0)
                0x00000000                PROVIDE (DMAChannel4_IRQHandler, 0x0)
                0x00000000                PROVIDE (DMAChannel5_IRQHandler, 0x0)
                0x00000000                PROVIDE (DMAChannel6_IRQHandler, 0x0)
                0x00000000                PROVIDE (DMAChannel7_IRQHandler, 0x0)
                0x00000000                PROVIDE (DMA1_Channel1_IRQHandler, 0x0)
                0x00000000                PROVIDE (DMA1_Channel2_IRQHandler, 0x0)
                0x00000000                PROVIDE (DMA1_Channel3_IRQHandler, 0x0)
                0x00000000                PROVIDE (DMA1_Channel4_IRQHandler, 0x0)
                0x00000000                PROVIDE (DMA1_Channel5_IRQHandler, 0x0)
                0x00000000                PROVIDE (DMA1_Channel6_IRQHandler, 0x0)
                0x00000000                PROVIDE (DMA1_Channel7_IRQHandler, 0x0)
                0x00000000                PROVIDE (ADC_IRQHandler, 0x0)
                0x00000000                PROVIDE (ADC1_2_IRQHandler, 0x0)
                0x00000000                PROVIDE (USB_HP_CAN_TX_IRQHandler, 0x0)
                0x00000000                PROVIDE (USB_HP_CAN1_TX_IRQHandler, 0x0)
                0x00000000                PROVIDE (USB_LP_CAN_RX0_IRQHandler, 0x0)
                0x00000000                PROVIDE (USB_LP_CAN1_RX0_IRQHandler, 0x0)
                0x00000000                PROVIDE (CAN_RX1_IRQHandler, 0x0)
                0x00000000                PROVIDE (CAN1_RX1_IRQHandler, 0x0)
                0x00000000                PROVIDE (CAN_SCE_IRQHandler, 0x0)
                0x00000000                PROVIDE (CAN1_SCE_IRQHandler, 0x0)
                0x00000000                PROVIDE (EXTI9_5_IRQHandler, 0x0)
                0x00000000                PROVIDE (TIM1_BRK_IRQHandler, 0x0)
                0x00000000                PROVIDE (TIM1_UP_IRQHandler, 0x0)
                0x00000000                PROVIDE (TIM1_TRG_COM_IRQHandler, 0x0)
                0x00000000                PROVIDE (TIM1_CC_IRQHandler, 0x0)
                0x00000000                PROVIDE (TIM2_IRQHandler, 0x0)
                0x00000000                PROVIDE (TIM3_IRQHandler, 0x0)
                0x00000000                PROVIDE (TIM4_IRQHandler, 0x0)
                0x00000000                PROVIDE (I2C1_EV_IRQHandler, 0x0)
                0x00000000                PROVIDE (I2C1_ER_IRQHandler, 0x0)
                0x00000000                PROVIDE (I2C2_EV_IRQHandler, 0x0)
                0x00000000                PROVIDE (I2C2_ER_IRQHandler, 0x0)
                0x00000000                PROVIDE (SPI1_IRQHandler, 0x0)
                0x00000000                PROVIDE (SPI2_IRQHandler, 0x0)
                0x00000000                PROVIDE (USART1_IRQHandler, 0x0)
                0x00000000                PROVIDE (USART2_IRQHandler, 0x0)
                0x00000000                PROVIDE (USART3_IRQHandler, 0x0)
                0x00000000                PROVIDE (EXTI15_10_IRQHandler, 0x0)
                0x00000000                PROVIDE (RTCAlarm_IRQHandler, 0x0)
                0x00000000                PROVIDE (USBWakeUp_IRQHandler, 0x0)
                0x00000000                PROVIDE (TIM8_BRK_IRQHandler, 0x0)
                0x00000000                PROVIDE (TIM8_UP_IRQHandler, 0x0)
                0x00000000                PROVIDE (TIM8_TRG_COM_IRQHandler, 0x0)
                0x00000000                PROVIDE (TIM8_CC_IRQHandler, 0x0)
                0x00000000                PROVIDE (ADC3_IRQHandler, 0x0)
                0x00000000                PROVIDE (FSMC_IRQHandler, 0x0)
                0x00000000                PROVIDE (SDIO_IRQHandler, 0x0)
                0x00000000                PROVIDE (TIM5_IRQHandler, 0x0)
                0x00000000                PROVIDE (SPI3_IRQHandler, 0x0)
                0x00000000                PROVIDE (UART4_IRQHandler, 0x0)
                0x00000000                PROVIDE (UART5_IRQHandler, 0x0)
                0x00000000                PROVIDE (TIM6_IRQHandler, 0x0)
                0x00000000                PROVIDE (TIM7_IRQHandler, 0x0)
                0x00000000                PROVIDE (DMA2_Channel1_IRQHandler, 0x0)
                0x00000000                PROVIDE (DMA2_Channel2_IRQHandler, 0x0)
                0x00000000                PROVIDE (DMA2_Channel3_IRQHandler, 0x0)
                0x00000000                PROVIDE (DMA2_Channel4_5_IRQHandler, 0x0)
                0x42000000                PERIPH_BB_BASE = 0x42000000
                0x22000000                SRAM_BB_BASE = 0x22000000
                0x20000000                SRAM_BASE = 0x20000000
                0x40000000                PERIPH_BASE = 0x40000000
                0x40022000                PROVIDE (FLASH_BASE, 0x40022000)
                0x1ffff800                PROVIDE (OB_BASE, 0x1ffff800)
                0x40000000                APB1PERIPH_BASE = PERIPH_BASE
                0x40010000                APB2PERIPH_BASE = (PERIPH_BASE + 0x10000)
                0x40020000                AHBPERIPH_BASE = (PERIPH_BASE + 0x20000)
                0x40000000                PROVIDE (TIM2, (APB1PERIPH_BASE + 0x0))
                0x40000400                PROVIDE (TIM3, (APB1PERIPH_BASE + 0x400))
                0x40000800                PROVIDE (TIM4, (APB1PERIPH_BASE + 0x800))
                0x40002800                PROVIDE (RTC, (APB1PERIPH_BASE + 0x2800))
                0x40002c00                PROVIDE (WWDG, (APB1PERIPH_BASE + 0x2c00))
                0x40003000                PROVIDE (IWDG, (APB1PERIPH_BASE + 0x3000))
                0x40003800                PROVIDE (SPI2, (APB1PERIPH_BASE + 0x3800))
                0x40004400                PROVIDE (USART2, (APB1PERIPH_BASE + 0x4400))
                0x40004800                PROVIDE (USART3, (APB1PERIPH_BASE + 0x4800))
                0x40005400                PROVIDE (I2C1, (APB1PERIPH_BASE + 0x5400))
                0x40005800                PROVIDE (I2C2, (APB1PERIPH_BASE + 0x5800))
                0x40006400                PROVIDE (CAN, (APB1PERIPH_BASE + 0x6400))
                0x40006c00                PROVIDE (BKP, (APB1PERIPH_BASE + 0x6c00))
                0x40007000                PROVIDE (PWR, (APB1PERIPH_BASE + 0x7000))
                0x40010000                PROVIDE (AFIO, (APB2PERIPH_BASE + 0x0))
                0x40010400                PROVIDE (EXTI, (APB2PERIPH_BASE + 0x400))
                0x40010800                PROVIDE (GPIOA, (APB2PERIPH_BASE + 0x800))
                0x40010c00                PROVIDE (GPIOB, (APB2PERIPH_BASE + 0xc00))
                0x40011000                PROVIDE (GPIOC, (APB2PERIPH_BASE + 0x1000))
                0x40011400                PROVIDE (GPIOD, (APB2PERIPH_BASE + 0x1400))
                0x40011800                PROVIDE (GPIOE, (APB2PERIPH_BASE + 0x1800))
                0x40012400                PROVIDE (ADC1, (APB2PERIPH_BASE + 0x2400))
                0x40012800                PROVIDE (ADC2, (APB2PERIPH_BASE + 0x2800))
                0x40012c00                PROVIDE (TIM1, (APB2PERIPH_BASE + 0x2c00))
                0x40013000                PROVIDE (SPI1, (APB2PERIPH_BASE + 0x3000))
                0x40013800                PROVIDE (USART1, (APB2PERIPH_BASE + 0x3800))
                0x40020000                PROVIDE (DMA, (AHBPERIPH_BASE + 0x0))
                0x40020008                PROVIDE (DMA_Channel1, (AHBPERIPH_BASE + 0x8))
                0x4002001c                PROVIDE (DMA_Channel2, (AHBPERIPH_BASE + 0x1c))
                0x40020030                PROVIDE (DMA_Channel3, (AHBPERIPH_BASE + 0x30))
                0x40020044                PROVIDE (DMA_Channel4, (AHBPERIPH_BASE + 0x44))
                0x40020058                PROVIDE (DMA_Channel5, (AHBPERIPH_BASE + 0x58))
                0x4002006c                PROVIDE (DMA_Channel6, (AHBPERIPH_BASE + 0x6c))
                0x40020080                PROVIDE (DMA_Channel7, (AHBPERIPH_BASE + 0x80))
                0x40021000                PROVIDE (RCC, (AHBPERIPH_BASE + 0x1000))
                0xe000e000                SCS_BASE = 0xe000e000
                0xe000e010                PROVIDE (SysTick, (SCS_BASE + 0x10))
                0xe000e100                PROVIDE (NVIC, (SCS_BASE + 0x100))
                0xe000ed00                PROVIDE (SCB, (SCS_BASE + 0xd00))
                0x2001ffff                _estack = 0x2001ffff

.isr_vector     0x08004000      0x188
                0x08004000                . = ALIGN (0x4)
 *(.isr_vector)
 .isr_vector    0x08004000      0x188 bin/startup_stm32f40xx.o
                0x08004000                g_pfnVectors
                0x08004188                . = ALIGN (0x4)

.flashtext      0x08004188        0x0
                0x08004188                . = ALIGN (0x4)
 *(.flashtext)
                0x08004188                . = ALIGN (0x4)

.text           0x08004188    0x10e34
                0x08004188                . = ALIGN (0x4)
 *(.text)
 .text          0x08004188      0x370 c:/program files (x86)/gnu tools arm embedded/4.9 2015q2/bin/../lib/gcc/arm-none-eabi/4.9.3/armv7e-m/fpu\libgcc.a(_arm_addsubdf3.o)
                0x08004188                __aeabi_drsub
                0x08004190                __aeabi_dsub
                0x08004190                __subdf3
                0x08004194                __aeabi_dadd
                0x08004194                __adddf3
                0x0800440c                __floatunsidf
                0x0800440c                __aeabi_ui2d
                0x0800442c                __floatsidf
                0x0800442c                __aeabi_i2d
                0x08004450                __aeabi_f2d
                0x08004450                __extendsfdf2
                0x0800448c                __floatundidf
                0x0800448c                __aeabi_ul2d
                0x0800449c                __floatdidf
                0x0800449c                __aeabi_l2d
 .text          0x080044f8      0x424 c:/program files (x86)/gnu tools arm embedded/4.9 2015q2/bin/../lib/gcc/arm-none-eabi/4.9.3/armv7e-m/fpu\libgcc.a(_arm_muldivdf3.o)
                0x080044f8                __aeabi_dmul
                0x080044f8                __muldf3
                0x0800474c                __divdf3
                0x0800474c                __aeabi_ddiv
 .text          0x0800491c      0x110 c:/program files (x86)/gnu tools arm embedded/4.9 2015q2/bin/../lib/gcc/arm-none-eabi/4.9.3/armv7e-m/fpu\libgcc.a(_arm_cmpdf2.o)
                0x0800491c                __gtdf2
                0x0800491c                __gedf2
                0x08004924                __ltdf2
                0x08004924                __ledf2
                0x0800492c                __nedf2
                0x0800492c                __eqdf2
                0x0800492c                __cmpdf2
                0x080049a8                __aeabi_cdrcmple
                0x080049b8                __aeabi_cdcmpeq
                0x080049b8                __aeabi_cdcmple
                0x080049c8                __aeabi_dcmpeq
                0x080049dc                __aeabi_dcmplt
                0x080049f0                __aeabi_dcmple
                0x08004a04                __aeabi_dcmpge
                0x08004a18                __aeabi_dcmpgt
 .text          0x08004a2c       0xa0 c:/program files (x86)/gnu tools arm embedded/4.9 2015q2/bin/../lib/gcc/arm-none-eabi/4.9.3/armv7e-m/fpu\libgcc.a(_arm_truncdfsf2.o)
                0x08004a2c                __truncdfsf2
                0x08004a2c                __aeabi_d2f
 .text          0x08004acc       0x38 c:/program files (x86)/gnu tools arm embedded/4.9 2015q2/bin/../lib/gcc/arm-none-eabi/4.9.3/armv7e-m/fpu\libgcc.a(_aeabi_ldivmod.o)
                0x08004acc                __aeabi_ldivmod
 .text          0x08004b04       0x60 c:/program files (x86)/gnu tools arm embedded/4.9 2015q2/bin/../lib/gcc/arm-none-eabi/4.9.3/armv7e-m/fpu\libgcc.a(bpabi.o)
                0x08004b04                __gnu_ldivmod_helper
                0x08004b34                __gnu_uldivmod_helper
 .text          0x08004b64        0x4 c:/program files (x86)/gnu tools arm embedded/4.9 2015q2/bin/../lib/gcc/arm-none-eabi/4.9.3/armv7e-m/fpu\libgcc.a(_dvmd_tls.o)
                0x08004b64                __aeabi_idiv0
                0x08004b64                __aeabi_ldiv0
 .text          0x08004b68      0x29c c:/program files (x86)/gnu tools arm embedded/4.9 2015q2/bin/../lib/gcc/arm-none-eabi/4.9.3/armv7e-m/fpu\libgcc.a(_divdi3.o)
                0x08004b68                __divdi3
 .text          0x08004e04      0x26c c:/program files (x86)/gnu tools arm embedded/4.9 2015q2/bin/../lib/gcc/arm-none-eabi/4.9.3/armv7e-m/fpu\libgcc.a(_udivdi3.o)
                0x08004e04                __udivdi3
 .text          0x08005070       0x14 c:/program files (x86)/gnu tools arm embedded/4.9 2015q2/bin/../lib/gcc/arm-none-eabi/4.9.3/../../../../arm-none-eabi/lib/armv7e-m/fpu\libc_nano.a(lib_a-strcmp.o)
                0x08005070                strcmp
 *(.text.*)
 .text.vListInitialise
                0x08005084       0x16 bin/list.o
                0x08005084                vListInitialise
 .text.vListInitialiseItem
                0x0800509a        0x6 bin/list.o
                0x0800509a                vListInitialiseItem
 .text.vListInsertEnd
                0x080050a0       0x1c bin/list.o
                0x080050a0                vListInsertEnd
 .text.vListInsert
                0x080050bc       0x30 bin/list.o
                0x080050bc                vListInsert
 .text.uxListRemove
                0x080050ec       0x26 bin/list.o
                0x080050ec                uxListRemove
 .text.prvIdleTask
                0x08005112        0x8 bin/tasks.o
 *fill*         0x0800511a        0x2 
 .text.prvAddCurrentTaskToDelayedList
                0x0800511c       0x50 bin/tasks.o
 .text.debugPrintTCBInfo
                0x0800516c       0x44 bin/tasks.o
                0x0800516c                debugPrintTCBInfo
 .text.xTaskGenericCreate
                0x080051b0      0x204 bin/tasks.o
                0x080051b0                xTaskGenericCreate
 .text.vTaskStartScheduler
                0x080053b4       0x70 bin/tasks.o
                0x080053b4                vTaskStartScheduler
 .text.vTaskSuspendAll
                0x08005424       0x10 bin/tasks.o
                0x08005424                vTaskSuspendAll
 .text.xTaskGetTickCount
                0x08005434       0x18 bin/tasks.o
                0x08005434                xTaskGetTickCount
 .text.vTaskIncrementTick
                0x0800544c       0xe8 bin/tasks.o
                0x0800544c                vTaskIncrementTick
 .text.xTaskResumeAll
                0x08005534       0xd8 bin/tasks.o
                0x08005534                xTaskResumeAll
 .text.vTaskDelayUntil
                0x0800560c       0x88 bin/tasks.o
                0x0800560c                vTaskDelayUntil
 .text.vTaskDelay
                0x08005694       0x3c bin/tasks.o
                0x08005694                vTaskDelay
 .text.vTaskSetApplicationTaskTag
                0x080056d0       0x20 bin/tasks.o
                0x080056d0                vTaskSetApplicationTaskTag
 .text.vTaskSwitchContext
                0x080056f0       0x94 bin/tasks.o
                0x080056f0                vTaskSwitchContext
 .text.vTaskPlaceOnEventList
                0x08005784       0x48 bin/tasks.o
                0x08005784                vTaskPlaceOnEventList
 .text.vTaskPlaceOnEventListRestricted
                0x080057cc       0x48 bin/tasks.o
                0x080057cc                vTaskPlaceOnEventListRestricted
 .text.xTaskRemoveFromEventList
                0x08005814       0x78 bin/tasks.o
                0x08005814                xTaskRemoveFromEventList
 .text.vTaskSetTimeOutState
                0x0800588c       0x30 bin/tasks.o
                0x0800588c                vTaskSetTimeOutState
 .text.xTaskCheckForTimeOut
                0x080058bc       0x78 bin/tasks.o
                0x080058bc                xTaskCheckForTimeOut
 .text.vTaskMissedYield
                0x08005934        0xc bin/tasks.o
                0x08005934                vTaskMissedYield
 .text.xTaskGetCurrentTaskHandle
                0x08005940        0xc bin/tasks.o
                0x08005940                xTaskGetCurrentTaskHandle
 .text.xTaskGetSchedulerState
                0x0800594c       0x1c bin/tasks.o
                0x0800594c                xTaskGetSchedulerState
 .text.vTaskPriorityInherit
                0x08005968       0x68 bin/tasks.o
                0x08005968                vTaskPriorityInherit
 .text.vTaskPriorityDisinherit
                0x080059d0       0x48 bin/tasks.o
                0x080059d0                vTaskPriorityDisinherit
 .text.prvCopyDataToQueue
                0x08005a18       0x58 bin/queue.o
 .text.prvCopyDataFromQueue
                0x08005a70       0x26 bin/queue.o
 .text.prvUnlockQueue
                0x08005a96       0x64 bin/queue.o
 *fill*         0x08005afa        0x2 
 .text.xQueueGenericReset
                0x08005afc       0x70 bin/queue.o
                0x08005afc                xQueueGenericReset
 .text.xQueueGenericCreate
                0x08005b6c       0x50 bin/queue.o
                0x08005b6c                xQueueGenericCreate
 .text.xQueueGenericSend
                0x08005bbc      0x100 bin/queue.o
                0x08005bbc                xQueueGenericSend
 .text.xQueueCreateMutex
                0x08005cbc       0x5c bin/queue.o
                0x08005cbc                xQueueCreateMutex
 .text.xQueueGenericSendFromISR
                0x08005d18       0x88 bin/queue.o
                0x08005d18                xQueueGenericSendFromISR
 .text.xQueueGenericReceive
                0x08005da0      0x134 bin/queue.o
                0x08005da0                xQueueGenericReceive
 .text.xQueueReceiveFromISR
                0x08005ed4       0x84 bin/queue.o
                0x08005ed4                xQueueReceiveFromISR
 .text.uxQueueMessagesWaiting
                0x08005f58       0x28 bin/queue.o
                0x08005f58                uxQueueMessagesWaiting
 .text.vQueueWaitForMessageRestricted
                0x08005f80       0x3a bin/queue.o
                0x08005f80                vQueueWaitForMessageRestricted
 *fill*         0x08005fba        0x2 
 .text.prvCheckForValidListAndQueue
                0x08005fbc       0x4c bin/timers.o
 .text.prvInsertTimerInActiveList
                0x08006008       0x3c bin/timers.o
 .text.xTimerCreateTimerTask
                0x08006044       0x50 bin/timers.o
                0x08006044                xTimerCreateTimerTask
 .text.xTimerCreate
                0x08006094       0x4c bin/timers.o
                0x08006094                xTimerCreate
 .text.xTimerGenericCommand
                0x080060e0       0x44 bin/timers.o
                0x080060e0                xTimerGenericCommand
 .text.prvSwitchTimerLists.isra.1
                0x08006124       0x78 bin/timers.o
 .text.prvTimerTask
                0x0800619c      0x17c bin/timers.o
 .text.pvTimerGetTimerID
                0x08006318        0x4 bin/timers.o
                0x08006318                pvTimerGetTimerID
 .text.prvInsertBlockIntoFreeList
                0x0800631c       0x4c bin/heap_4.o
 .text.pvPortMalloc
                0x08006368       0xb4 bin/heap_4.o
                0x08006368                pvPortMalloc
 .text.vPortFree
                0x0800641c       0x2c bin/heap_4.o
                0x0800641c                vPortFree
 .text.xPortGetFreeHeapSize
                0x08006448        0xc bin/heap_4.o
                0x08006448                xPortGetFreeHeapSize
 .text.prvPortStartFirstTask
                0x08006454       0x14 bin/port.o
 .text.vPortEnableVFP
                0x08006468       0x14 bin/port.o
 .text.pxPortInitialiseStack
                0x0800647c       0x1e bin/port.o
                0x0800647c                pxPortInitialiseStack
 *fill*         0x0800649a        0x2 
 .text.SVC_Handler
                0x0800649c       0x1c bin/port.o
                0x0800649c                SVC_Handler
 .text.vPortYieldFromISR
                0x080064b8       0x10 bin/port.o
                0x080064b8                vPortYieldFromISR
 .text.ulPortSetInterruptMask
                0x080064c8       0x10 bin/port.o
                0x080064c8                ulPortSetInterruptMask
 .text.vPortEnterCritical
                0x080064d8       0x14 bin/port.o
                0x080064d8                vPortEnterCritical
 .text.vPortClearInterruptMask
                0x080064ec        0x6 bin/port.o
                0x080064ec                vPortClearInterruptMask
 *fill*         0x080064f2        0x2 
 .text.vPortExitCritical
                0x080064f4       0x14 bin/port.o
                0x080064f4                vPortExitCritical
 .text.PendSV_Handler
                0x08006508       0x50 bin/port.o
                0x08006508                PendSV_Handler
 .text.tickFreeRTOS
                0x08006558       0x20 bin/port.o
                0x08006558                tickFreeRTOS
 .text.vPortSetupTimerInterrupt
                0x08006578       0x18 bin/port.o
                0x08006578                vPortSetupTimerInterrupt
 .text.xPortStartScheduler
                0x08006590       0x40 bin/port.o
                0x08006590                xPortStartScheduler
 .text.ADC_DeInit
                0x080065d0       0x1a bin/stm32f4xx_adc.o
                0x080065d0                ADC_DeInit
 *fill*         0x080065ea        0x2 
 .text.ADC_Init
                0x080065ec       0x4c bin/stm32f4xx_adc.o
                0x080065ec                ADC_Init
 .text.ADC_StructInit
                0x08006638       0x14 bin/stm32f4xx_adc.o
                0x08006638                ADC_StructInit
 .text.ADC_CommonInit
                0x0800664c       0x28 bin/stm32f4xx_adc.o
                0x0800664c                ADC_CommonInit
 .text.ADC_CommonStructInit
                0x08006674        0xc bin/stm32f4xx_adc.o
                0x08006674                ADC_CommonStructInit
 .text.ADC_Cmd  0x08006680       0x12 bin/stm32f4xx_adc.o
                0x08006680                ADC_Cmd
 *fill*         0x08006692        0x2 
 .text.DBGMCU_APB2PeriphConfig
                0x08006694       0x18 bin/stm32f4xx_dbgmcu.o
                0x08006694                DBGMCU_APB2PeriphConfig
 .text.DMA_DeInit
                0x080066ac      0x10c bin/stm32f4xx_dma.o
                0x080066ac                DMA_DeInit
 .text.DMA_Init
                0x080067b8       0x54 bin/stm32f4xx_dma.o
                0x080067b8                DMA_Init
 .text.DMA_Cmd  0x0800680c       0x12 bin/stm32f4xx_dma.o
                0x0800680c                DMA_Cmd
 .text.DMA_SetCurrDataCounter
                0x0800681e        0x4 bin/stm32f4xx_dma.o
                0x0800681e                DMA_SetCurrDataCounter
 .text.DMA_GetCurrDataCounter
                0x08006822        0x6 bin/stm32f4xx_dma.o
                0x08006822                DMA_GetCurrDataCounter
 .text.DMA_GetCmdStatus
                0x08006828        0x8 bin/stm32f4xx_dma.o
                0x08006828                DMA_GetCmdStatus
 .text.DMA_ITConfig
                0x08006830       0x3e bin/stm32f4xx_dma.o
                0x08006830                DMA_ITConfig
 *fill*         0x0800686e        0x2 
 .text.DMA_GetITStatus
                0x08006870       0x50 bin/stm32f4xx_dma.o
                0x08006870                DMA_GetITStatus
 .text.DMA_ClearITPendingBit
                0x080068c0       0x30 bin/stm32f4xx_dma.o
                0x080068c0                DMA_ClearITPendingBit
 .text.EXTI_Init
                0x080068f0       0x88 bin/stm32f4xx_exti.o
                0x080068f0                EXTI_Init
 .text.EXTI_ClearFlag
                0x08006978        0xc bin/stm32f4xx_exti.o
                0x08006978                EXTI_ClearFlag
 .text.EXTI_GetITStatus
                0x08006984       0x14 bin/stm32f4xx_exti.o
                0x08006984                EXTI_GetITStatus
 .text.EXTI_ClearITPendingBit
                0x08006998        0xc bin/stm32f4xx_exti.o
                0x08006998                EXTI_ClearITPendingBit
 .text.GPIO_Init
                0x080069a4       0x6c bin/stm32f4xx_gpio.o
                0x080069a4                GPIO_Init
 .text.GPIO_StructInit
                0x08006a10       0x12 bin/stm32f4xx_gpio.o
                0x08006a10                GPIO_StructInit
 .text.GPIO_ReadInputDataBit
                0x08006a22        0xc bin/stm32f4xx_gpio.o
                0x08006a22                GPIO_ReadInputDataBit
 .text.GPIO_SetBits
                0x08006a2e        0x4 bin/stm32f4xx_gpio.o
                0x08006a2e                GPIO_SetBits
 .text.GPIO_ResetBits
                0x08006a32        0x4 bin/stm32f4xx_gpio.o
                0x08006a32                GPIO_ResetBits
 .text.GPIO_PinAFConfig
                0x08006a36       0x24 bin/stm32f4xx_gpio.o
                0x08006a36                GPIO_PinAFConfig
 *fill*         0x08006a5a        0x2 
 .text.I2C_Init
                0x08006a5c       0xd4 bin/stm32f4xx_i2c.o
                0x08006a5c                I2C_Init
 .text.RCC_GetClocksFreq
                0x08006b30       0x88 bin/stm32f4xx_rcc.o
                0x08006b30                RCC_GetClocksFreq
 .text.RCC_AHB1PeriphClockCmd
                0x08006bb8       0x18 bin/stm32f4xx_rcc.o
                0x08006bb8                RCC_AHB1PeriphClockCmd
 .text.RCC_AHB2PeriphClockCmd
                0x08006bd0       0x18 bin/stm32f4xx_rcc.o
                0x08006bd0                RCC_AHB2PeriphClockCmd
 .text.RCC_APB1PeriphClockCmd
                0x08006be8       0x18 bin/stm32f4xx_rcc.o
                0x08006be8                RCC_APB1PeriphClockCmd
 .text.RCC_APB2PeriphClockCmd
                0x08006c00       0x18 bin/stm32f4xx_rcc.o
                0x08006c00                RCC_APB2PeriphClockCmd
 .text.RCC_APB1PeriphResetCmd
                0x08006c18       0x18 bin/stm32f4xx_rcc.o
                0x08006c18                RCC_APB1PeriphResetCmd
 .text.RCC_APB2PeriphResetCmd
                0x08006c30       0x18 bin/stm32f4xx_rcc.o
                0x08006c30                RCC_APB2PeriphResetCmd
 .text.TIM_DeInit
                0x08006c48      0x154 bin/stm32f4xx_tim.o
                0x08006c48                TIM_DeInit
 .text.TIM_TimeBaseInit
                0x08006d9c       0x7c bin/stm32f4xx_tim.o
                0x08006d9c                TIM_TimeBaseInit
 .text.TIM_TimeBaseStructInit
                0x08006e18       0x12 bin/stm32f4xx_tim.o
                0x08006e18                TIM_TimeBaseStructInit
 .text.TIM_Cmd  0x08006e2a       0x18 bin/stm32f4xx_tim.o
                0x08006e2a                TIM_Cmd
 *fill*         0x08006e42        0x2 
 .text.TIM_OC1Init
                0x08006e44       0x70 bin/stm32f4xx_tim.o
                0x08006e44                TIM_OC1Init
 .text.TIM_OC2Init
                0x08006eb4       0x88 bin/stm32f4xx_tim.o
                0x08006eb4                TIM_OC2Init
 .text.TIM_OC4Init
                0x08006f3c       0x68 bin/stm32f4xx_tim.o
                0x08006f3c                TIM_OC4Init
 .text.TIM_SetCompare1
                0x08006fa4        0x4 bin/stm32f4xx_tim.o
                0x08006fa4                TIM_SetCompare1
 .text.TIM_SetCompare2
                0x08006fa8        0x4 bin/stm32f4xx_tim.o
                0x08006fa8                TIM_SetCompare2
 .text.TIM_SetCompare4
                0x08006fac        0x4 bin/stm32f4xx_tim.o
                0x08006fac                TIM_SetCompare4
 .text.TIM_OC1PreloadConfig
                0x08006fb0       0x10 bin/stm32f4xx_tim.o
                0x08006fb0                TIM_OC1PreloadConfig
 .text.TIM_OC2PreloadConfig
                0x08006fc0       0x14 bin/stm32f4xx_tim.o
                0x08006fc0                TIM_OC2PreloadConfig
 .text.TIM_OC4PreloadConfig
                0x08006fd4       0x14 bin/stm32f4xx_tim.o
                0x08006fd4                TIM_OC4PreloadConfig
 .text.TIM_GetCapture1
                0x08006fe8        0x4 bin/stm32f4xx_tim.o
                0x08006fe8                TIM_GetCapture1
 .text.TIM_GetCapture2
                0x08006fec        0x4 bin/stm32f4xx_tim.o
                0x08006fec                TIM_GetCapture2
 .text.TIM_GetCapture4
                0x08006ff0        0x4 bin/stm32f4xx_tim.o
                0x08006ff0                TIM_GetCapture4
 .text.TIM_CtrlPWMOutputs
                0x08006ff4       0x1c bin/stm32f4xx_tim.o
                0x08006ff4                TIM_CtrlPWMOutputs
 .text.TIM_DMACmd
                0x08007010       0x12 bin/stm32f4xx_tim.o
                0x08007010                TIM_DMACmd
 *fill*         0x08007022        0x2 
 .text.USART_Init
                0x08007024       0xb4 bin/stm32f4xx_usart.o
                0x08007024                USART_Init
 .text.USART_Cmd
                0x080070d8       0x18 bin/stm32f4xx_usart.o
                0x080070d8                USART_Cmd
 .text.USART_SendData
                0x080070f0        0x8 bin/stm32f4xx_usart.o
                0x080070f0                USART_SendData
 .text.USART_ReceiveData
                0x080070f8        0x8 bin/stm32f4xx_usart.o
                0x080070f8                USART_ReceiveData
 .text.USART_DMACmd
                0x08007100       0x12 bin/stm32f4xx_usart.o
                0x08007100                USART_DMACmd
 .text.USART_ITConfig
                0x08007112       0x32 bin/stm32f4xx_usart.o
                0x08007112                USART_ITConfig
 .text.USART_ClearFlag
                0x08007144        0x8 bin/stm32f4xx_usart.o
                0x08007144                USART_ClearFlag
 .text.USART_GetITStatus
                0x0800714c       0x3e bin/stm32f4xx_usart.o
                0x0800714c                USART_GetITStatus
 .text.USART_ClearITPendingBit
                0x0800718a        0xe bin/stm32f4xx_usart.o
                0x0800718a                USART_ClearITPendingBit
 .text.NVIC_PriorityGroupConfig
                0x08007198       0x14 bin/stm32f4xx_misc.o
                0x08007198                NVIC_PriorityGroupConfig
 .text.NVIC_Init
                0x080071ac       0x6c bin/stm32f4xx_misc.o
                0x080071ac                NVIC_Init
 .text.SYSCFG_EXTILineConfig
                0x08007218       0x2a bin/stm32f4xx_syscfg.o
                0x08007218                SYSCFG_EXTILineConfig
 .text.startup.main
                0x08007242       0x24 bin/main.o
                0x08007242                main
 .text.EXTI15_10_IRQHandler
                0x08007266       0x1e bin/exti.o
                0x08007266                EXTI15_10_IRQHandler
 .text.nvicInit
                0x08007284        0x8 bin/nvic.o
                0x08007284                nvicInit
 .text.SysTick_Handler
                0x0800728c        0xe bin/nvic.o
                0x0800728c                SysTick_Handler
 .text.NMI_Handler
                0x0800729a        0x2 bin/nvic.o
                0x0800729a                NMI_Handler
 .text.HardFault_Handler
                0x0800729c       0x14 bin/nvic.o
                0x0800729c                HardFault_Handler
 .text.printHardFault
                0x080072b0      0x104 bin/nvic.o
                0x080072b0                printHardFault
 .text.MemManage_Handler
                0x080073b4        0x2 bin/nvic.o
                0x080073b4                MemManage_Handler
 .text.BusFault_Handler
                0x080073b6        0x2 bin/nvic.o
                0x080073b6                BusFault_Handler
 .text.UsageFault_Handler
                0x080073b8        0x2 bin/nvic.o
                0x080073b8                UsageFault_Handler
 .text.DebugMon_Handler
                0x080073ba        0x2 bin/nvic.o
                0x080073ba                DebugMon_Handler
 .text.DMA1_Stream5_IRQHandler
                0x080073bc        0x4 bin/nvic.o
                0x080073bc                DMA1_Stream5_IRQHandler
 .text.motorsConvBitsTo16
                0x080073c0        0x8 bin/motors.o
 .text.motorsConv16ToBits
                0x080073c8        0x4 bin/motors.o
 .text.motorsDeInit
                0x080073cc       0x40 bin/motors.o
                0x080073cc                motorsDeInit
 .text.motorsInit
                0x0800740c      0x100 bin/motors.o
                0x0800740c                motorsInit
 *fill*         0x0800750c        0x4 
 .text.motorsSetRatio
                0x08007510      0x104 bin/motors.o
                0x08007510                motorsSetRatio
 .text.motorsBeep
                0x08007614       0x84 bin/motors.o
                0x08007614                motorsBeep
 .text.motorsTest
                0x08007698       0x58 bin/motors.o
                0x08007698                motorsTest
 .text.nopFunc  0x080076f0        0x4 bin/crtp.o
 .text.crtpRxTask
                0x080076f4       0x60 bin/crtp.o
 .text.crtpTxTask
                0x08007754       0x30 bin/crtp.o
 .text.crtpInit
                0x08007784       0x74 bin/crtp.o
                0x08007784                crtpInit
 .text.crtpTest
                0x080077f8        0xc bin/crtp.o
                0x080077f8                crtpTest
 .text.crtpInitTaskQueue
                0x08007804       0x34 bin/crtp.o
                0x08007804                crtpInitTaskQueue
 .text.crtpReceivePacketBlock
                0x08007838       0x4c bin/crtp.o
                0x08007838                crtpReceivePacketBlock
 .text.crtpGetFreeTxQueuePackets
                0x08007884       0x14 bin/crtp.o
                0x08007884                crtpGetFreeTxQueuePackets
 .text.crtpRegisterPortCB
                0x08007898       0x10 bin/crtp.o
                0x08007898                crtpRegisterPortCB
 .text.crtpSendPacket
                0x080078a8       0x44 bin/crtp.o
                0x080078a8                crtpSendPacket
 .text.crtpReset
                0x080078ec       0x24 bin/crtp.o
                0x080078ec                crtpReset
 .text.crtpIsConnected
                0x08007910       0x14 bin/crtp.o
                0x08007910                crtpIsConnected
 .text.crtpSetLink
                0x08007924       0x30 bin/crtp.o
                0x08007924                crtpSetLink
 .text.updateActive
                0x08007954       0x3c bin/ledseq.o
 .text.runLedseq
                0x08007990       0xd0 bin/ledseq.o
 .text.ledseqInit
                0x08007a60       0x98 bin/ledseq.o
                0x08007a60                ledseqInit
 .text.ledseqTest
                0x08007af8       0x1c bin/ledseq.o
                0x08007af8                ledseqTest
 .text.ledseqRun
                0x08007b14       0x78 bin/ledseq.o
                0x08007b14                ledseqRun
 .text.ledseqSetTimes
                0x08007b8c        0x6 bin/ledseq.o
                0x08007b8c                ledseqSetTimes
 *fill*         0x08007b92        0x2 
 .text.ledseqStop
                0x08007b94       0x68 bin/ledseq.o
                0x08007b94                ledseqStop
 .text.vApplicationMallocFailedHook
                0x08007bfc       0x28 bin/freeRTOSdebug.o
                0x08007bfc                vApplicationMallocFailedHook
 .text.vApplicationStackOverflowHook
                0x08007c24       0x28 bin/freeRTOSdebug.o
                0x08007c24                vApplicationStackOverflowHook
 .text.systemLaunch
                0x08007c4c       0x28 bin/system.o
                0x08007c4c                systemLaunch
 .text.systemInit
                0x08007c74       0x40 bin/system.o
                0x08007c74                systemInit
 .text.systemTest
                0x08007cb4       0x20 bin/system.o
                0x08007cb4                systemTest
 .text.systemStart
                0x08007cd4       0x14 bin/system.o
                0x08007cd4                systemStart
 .text.systemTask
                0x08007ce8      0x178 bin/system.o
 .text.systemWaitStart
                0x08007e60       0x38 bin/system.o
                0x08007e60                systemWaitStart
 .text.systemSetCanFly
                0x08007e98        0xc bin/system.o
                0x08007e98                systemSetCanFly
 .text.vApplicationIdleHook
                0x08007ea4       0x28 bin/system.o
                0x08007ea4                vApplicationIdleHook
 .text.commInit
                0x08007ecc       0x3c bin/comm.o
                0x08007ecc                commInit
 .text.commTest
                0x08007f08       0x34 bin/comm.o
                0x08007f08                commTest
 .text.consoleSendMessage
                0x08007f3c       0x1c bin/console.o
 .text.consoleInit
                0x08007f58       0x3c bin/console.o
                0x08007f58                consoleInit
 .text.consoleTest
                0x08007f94        0xc bin/console.o
                0x08007f94                consoleTest
 .text.consolePutchar
                0x08007fa0       0x84 bin/console.o
                0x08007fa0                consolePutchar
 .text.pidInit  0x08008024       0x30 bin/pid.o
                0x08008024                pidInit
 .text.pidUpdate
                0x08008054       0x88 bin/pid.o
                0x08008054                pidUpdate
 .text.pidSetIntegralLimit
                0x080080dc        0x6 bin/pid.o
                0x080080dc                pidSetIntegralLimit
 .text.pidReset
                0x080080e2        0xc bin/pid.o
                0x080080e2                pidReset
 .text.pidSetError
                0x080080ee        0x6 bin/pid.o
                0x080080ee                pidSetError
 .text.pidSetDesired
                0x080080f4        0x6 bin/pid.o
                0x080080f4                pidSetDesired
 *fill*         0x080080fa        0x2 
 .text.crtpserviceHandler
                0x080080fc       0x38 bin/crtpservice.o
                0x080080fc                crtpserviceHandler
 .text.crtpserviceInit
                0x08008134       0x20 bin/crtpservice.o
                0x08008134                crtpserviceInit
 .text.crtpserviceTest
                0x08008154        0xc bin/crtpservice.o
                0x08008154                crtpserviceTest
 .text.variableGetIndex
                0x08008160       0x38 bin/param.o
 .text.paramInit
                0x08008198       0x8c bin/param.o
                0x08008198                paramInit
 .text.paramTest
                0x08008224        0xc bin/param.o
                0x08008224                paramTest
 .text.paramTOCProcess
                0x08008230       0xf0 bin/param.o
                0x08008230                paramTOCProcess
 .text.paramTask
                0x08008320      0x224 bin/param.o
 .text.memTask  0x08008544      0x160 bin/mem.o
 .text.memInit  0x080086a4       0x44 bin/mem.o
                0x080086a4                memInit
 .text.memTest  0x080086e8        0xc bin/mem.o
                0x080086e8                memTest
 .text.commanderCrtpCB
                0x080086f4       0x54 bin/commander.o
 .text.commanderInit
                0x08008748       0x40 bin/commander.o
                0x08008748                commanderInit
 .text.commanderTest
                0x08008788       0x10 bin/commander.o
                0x08008788                commanderTest
 .text.commanderWatchdog
                0x08008798       0x60 bin/commander.o
                0x08008798                commanderWatchdog
 .text.commanderGetInactivityTime
                0x080087f8       0x14 bin/commander.o
                0x080087f8                commanderGetInactivityTime
 .text.commanderGetRPY
                0x0800880c       0x24 bin/commander.o
                0x0800880c                commanderGetRPY
 .text.commanderGetAltHold
                0x08008830       0x6c bin/commander.o
                0x08008830                commanderGetAltHold
 .text.commanderGetRPYType
                0x0800889c        0xc bin/commander.o
                0x0800889c                commanderGetRPYType
 .text.commanderGetThrust
                0x080088a8       0x3c bin/commander.o
                0x080088a8                commanderGetThrust
 .text.controllerInit
                0x080088e4      0x120 bin/controller.o
                0x080088e4                controllerInit
 .text.controllerTest
                0x08008a04        0xc bin/controller.o
                0x08008a04                controllerTest
 .text.controllerCorrectRatePID
                0x08008a10      0x128 bin/controller.o
                0x08008a10                controllerCorrectRatePID
 .text.controllerCorrectAttitudePID
                0x08008b38       0xbc bin/controller.o
                0x08008b38                controllerCorrectAttitudePID
 .text.controllerResetAllPID
                0x08008bf4       0x44 bin/controller.o
                0x08008bf4                controllerResetAllPID
 .text.controllerGetActuatorOutput
                0x08008c38       0x20 bin/controller.o
                0x08008c38                controllerGetActuatorOutput
 .text.sensfusion6Init
                0x08008c58       0x10 bin/sensfusion6.o
                0x08008c58                sensfusion6Init
 .text.sensfusion6Test
                0x08008c68        0xc bin/sensfusion6.o
                0x08008c68                sensfusion6Test
 .text.sensfusion6UpdateQ
                0x08008c74      0x234 bin/sensfusion6.o
                0x08008c74                sensfusion6UpdateQ
 .text.sensfusion6GetEulerRPY
                0x08008ea8       0xf8 bin/sensfusion6.o
                0x08008ea8                sensfusion6GetEulerRPY
 .text.sensfusion6GetAccZWithoutGravity
                0x08008fa0       0x6c bin/sensfusion6.o
                0x08008fa0                sensfusion6GetAccZWithoutGravity
 .text.deadband
                0x0800900c       0x30 bin/stabilizer.o
 .text.distributePower
                0x0800903c       0x98 bin/stabilizer.o
 .text.stabilizerTask
                0x080090d4      0x52c bin/stabilizer.o
 .text.stabilizerInit
                0x08009600       0x68 bin/stabilizer.o
                0x08009600                stabilizerInit
 .text.stabilizerTest
                0x08009668       0x1e bin/stabilizer.o
                0x08009668                stabilizerTest
 *fill*         0x08009686        0x2 
 .text.logDeleteBlock
                0x08009688       0x70 bin/log.o
 .text.logStopBlock
                0x080096f8       0x3c bin/log.o
 .text.logReset
                0x08009734       0x58 bin/log.o
 .text.logBlockTimed
                0x0800978c       0x18 bin/log.o
                0x0800978c                logBlockTimed
 .text.logAppendBlock.constprop.5
                0x080097a4      0x128 bin/log.o
 .text.logTask  0x080098cc      0x268 bin/log.o
 .text.logRunBlock
                0x08009b34      0x14c bin/log.o
                0x08009b34                logRunBlock
 .text.logInit  0x08009c80       0xb4 bin/log.o
                0x08009c80                logInit
 .text.logGetVarId
                0x08009d34       0x58 bin/log.o
                0x08009d34                logGetVarId
 .text.logGetInt
                0x08009d8c       0x74 bin/log.o
                0x08009d8c                logGetInt
 .text.logGetFloat
                0x08009e00       0x48 bin/log.o
                0x08009e00                logGetFloat
 .text.workerInit
                0x08009e48       0x18 bin/worker.o
                0x08009e48                workerInit
 .text.workerTest
                0x08009e60       0x10 bin/worker.o
                0x08009e60                workerTest
 .text.workerLoop
                0x08009e70       0x2c bin/worker.o
                0x08009e70                workerLoop
 .text.workerSchedule
                0x08009e9c       0x2c bin/worker.o
                0x08009e9c                workerSchedule
 .text.iirLPFilterSingle
                0x08009ec8       0x2c bin/filter.o
                0x08009ec8                iirLPFilterSingle
 .text.assertFail
                0x08009ef4       0x18 bin/cfassert.o
                0x08009ef4                assertFail
 .text.get_int_len
                0x08009f0c       0x14 bin/eprintf.o
                0x08009f0c                get_int_len
 .text.itoa     0x08009f20       0xb8 bin/eprintf.o
 .text.evprintf
                0x08009fd8      0x140 bin/eprintf.o
                0x08009fd8                evprintf
 .text.eprintf  0x0800a118       0x1a bin/eprintf.o
                0x0800a118                eprintf
 *fill*         0x0800a132        0x2 
 .text.crcSlow  0x0800a134       0x6c bin/crc.o
                0x0800a134                crcSlow
 .text.single2half
                0x0800a1a0       0x54 bin/fp16.o
                0x0800a1a0                single2half
 .text.Reset_Handler
                0x0800a1f4       0x44 bin/startup_stm32f40xx.o
                0x0800a1f4                Reset_Handler
 .text.Default_Handler
                0x0800a238        0x2 bin/startup_stm32f40xx.o
                0x0800a238                RTC_Alarm_IRQHandler
                0x0800a238                HASH_RNG_IRQHandler
                0x0800a238                EXTI2_IRQHandler
                0x0800a238                TIM8_CC_IRQHandler
                0x0800a238                TIM1_CC_IRQHandler
                0x0800a238                DMA2_Stream5_IRQHandler
                0x0800a238                PVD_IRQHandler
                0x0800a238                SDIO_IRQHandler
                0x0800a238                TAMP_STAMP_IRQHandler
                0x0800a238                CAN2_RX1_IRQHandler
                0x0800a238                EXTI3_IRQHandler
                0x0800a238                TIM8_TRG_COM_TIM14_IRQHandler
                0x0800a238                TIM1_UP_TIM10_IRQHandler
                0x0800a238                TIM8_UP_TIM13_IRQHandler
                0x0800a238                EXTI0_IRQHandler
                0x0800a238                CAN1_RX0_IRQHandler
                0x0800a238                FPU_IRQHandler
                0x0800a238                OTG_HS_WKUP_IRQHandler
                0x0800a238                CAN2_SCE_IRQHandler
                0x0800a238                DMA2_Stream2_IRQHandler
                0x0800a238                SPI1_IRQHandler
                0x0800a238                TIM6_DAC_IRQHandler
                0x0800a238                TIM1_BRK_TIM9_IRQHandler
                0x0800a238                DCMI_IRQHandler
                0x0800a238                CAN2_RX0_IRQHandler
                0x0800a238                DMA2_Stream3_IRQHandler
                0x0800a238                USART3_IRQHandler
                0x0800a238                CRYP_IRQHandler
                0x0800a238                CAN1_RX1_IRQHandler
                0x0800a238                UART5_IRQHandler
                0x0800a238                DMA2_Stream0_IRQHandler
                0x0800a238                TIM4_IRQHandler
                0x0800a238                DMA1_Stream1_IRQHandler
                0x0800a238                TIM3_IRQHandler
                0x0800a238                RCC_IRQHandler
                0x0800a238                TIM8_BRK_TIM12_IRQHandler
                0x0800a238                Default_Handler
                0x0800a238                ADC_IRQHandler
                0x0800a238                TIM7_IRQHandler
                0x0800a238                CAN2_TX_IRQHandler
                0x0800a238                TIM5_IRQHandler
                0x0800a238                EXTI9_5_IRQHandler
                0x0800a238                RTC_WKUP_IRQHandler
                0x0800a238                ETH_WKUP_IRQHandler
                0x0800a238                SPI2_IRQHandler
                0x0800a238                OTG_HS_EP1_IN_IRQHandler
                0x0800a238                CAN1_TX_IRQHandler
                0x0800a238                FSMC_IRQHandler
                0x0800a238                ETH_IRQHandler
                0x0800a238                OTG_HS_EP1_OUT_IRQHandler
                0x0800a238                WWDG_IRQHandler
                0x0800a238                TIM2_IRQHandler
                0x0800a238                OTG_FS_WKUP_IRQHandler
                0x0800a238                TIM1_TRG_COM_TIM11_IRQHandler
                0x0800a238                OTG_HS_IRQHandler
                0x0800a238                EXTI1_IRQHandler
                0x0800a238                DMA2_Stream1_IRQHandler
                0x0800a238                CAN1_SCE_IRQHandler
                0x0800a238                FLASH_IRQHandler
                0x0800a238                DMA2_Stream4_IRQHandler
                0x0800a238                USART1_IRQHandler
                0x0800a238                SPI3_IRQHandler
                0x0800a238                DMA2_Stream6_IRQHandler
 *fill*         0x0800a23a        0x2 
 .text.SystemInit
                0x0800a23c       0xf0 bin/system_stm32f4xx.o
                0x0800a23c                SystemInit
 .text.CPAL_HAL_NVICInit
                0x0800a32c        0x8 bin/cpal_hal.o
                0x0800a32c                CPAL_HAL_NVICInit
 .text.CPAL_I2C_Timeout
                0x0800a334       0x12 bin/cpal_i2c.o
 *fill*         0x0800a346        0x2 
 .text.CPAL_I2C_Init
                0x0800a348      0x104 bin/cpal_i2c.o
                0x0800a348                CPAL_I2C_Init
 .text.CPAL_I2C_StructInit
                0x0800a44c       0x48 bin/cpal_i2c.o
                0x0800a44c                CPAL_I2C_StructInit
 .text.CPAL_I2C_ER_IRQHandler
                0x0800a494      0x110 bin/cpal_i2c.o
                0x0800a494                CPAL_I2C_ER_IRQHandler
 .text.CPAL_I2C_DMA_TX_IRQHandler
                0x0800a5a4      0x180 bin/cpal_i2c.o
                0x0800a5a4                CPAL_I2C_DMA_TX_IRQHandler
 .text.CPAL_I2C_DMA_RX_IRQHandler
                0x0800a724      0x168 bin/cpal_i2c.o
                0x0800a724                CPAL_I2C_DMA_RX_IRQHandler
 .text.tickI2C  0x0800a88c       0x48 bin/cpal_i2c.o
                0x0800a88c                tickI2C
 .text.CPAL_I2C_Enable_DMA_IT
                0x0800a8d4       0xc8 bin/cpal_i2c.o
                0x0800a8d4                CPAL_I2C_Enable_DMA_IT
 .text.CPAL_I2C_Write
                0x0800a99c       0xac bin/cpal_i2c.o
                0x0800a99c                CPAL_I2C_Write
 .text.CPAL_I2C_Read
                0x0800aa48      0x244 bin/cpal_i2c.o
                0x0800aa48                CPAL_I2C_Read
 .text.CPAL_I2C_EV_IRQHandler
                0x0800ac8c      0x4fc bin/cpal_i2c.o
                0x0800ac8c                CPAL_I2C_EV_IRQHandler
 .text.CPAL_TIMEOUT_UserCallback
                0x0800b188        0x4 bin/cpal_usercallback_template.o
                0x0800b188                CPAL_TIMEOUT_UserCallback
 .text.CPAL_I2C_HAL_CLKInit
                0x0800b18c       0x28 bin/cpal_i2c_hal_stm32f4xx.o
                0x0800b18c                CPAL_I2C_HAL_CLKInit
 .text.CPAL_I2C_HAL_CLKDeInit
                0x0800b1b4       0x28 bin/cpal_i2c_hal_stm32f4xx.o
                0x0800b1b4                CPAL_I2C_HAL_CLKDeInit
 .text.CPAL_I2C_HAL_GPIOInit
                0x0800b1dc       0xc0 bin/cpal_i2c_hal_stm32f4xx.o
                0x0800b1dc                CPAL_I2C_HAL_GPIOInit
 .text.CPAL_I2C_HAL_GPIODeInit
                0x0800b29c       0x50 bin/cpal_i2c_hal_stm32f4xx.o
                0x0800b29c                CPAL_I2C_HAL_GPIODeInit
 .text.CPAL_I2C_HAL_DMAInit
                0x0800b2ec       0x90 bin/cpal_i2c_hal_stm32f4xx.o
                0x0800b2ec                CPAL_I2C_HAL_DMAInit
 .text.CPAL_I2C_HAL_DMATXConfig
                0x0800b37c       0x4c bin/cpal_i2c_hal_stm32f4xx.o
                0x0800b37c                CPAL_I2C_HAL_DMATXConfig
 .text.CPAL_I2C_HAL_DMARXConfig
                0x0800b3c8       0x4c bin/cpal_i2c_hal_stm32f4xx.o
                0x0800b3c8                CPAL_I2C_HAL_DMARXConfig
 .text.CPAL_I2C_HAL_DMADeInit
                0x0800b414       0x30 bin/cpal_i2c_hal_stm32f4xx.o
                0x0800b414                CPAL_I2C_HAL_DMADeInit
 .text.CPAL_I2C_HAL_ITInit
                0x0800b444      0x140 bin/cpal_i2c_hal_stm32f4xx.o
                0x0800b444                CPAL_I2C_HAL_ITInit
 .text.I2C1_EV_IRQHandler
                0x0800b584        0xc bin/cpal_i2c_hal_stm32f4xx.o
                0x0800b584                I2C1_EV_IRQHandler
 .text.I2C1_ER_IRQHandler
                0x0800b590       0x10 bin/cpal_i2c_hal_stm32f4xx.o
                0x0800b590                I2C1_ER_IRQHandler
 .text.DMA1_Stream6_IRQHandler
                0x0800b5a0        0xc bin/cpal_i2c_hal_stm32f4xx.o
                0x0800b5a0                DMA1_Stream6_IRQHandler
 .text.DMA1_Stream0_IRQHandler
                0x0800b5ac        0xc bin/cpal_i2c_hal_stm32f4xx.o
                0x0800b5ac                DMA1_Stream0_IRQHandler
 .text.I2C2_EV_IRQHandler
                0x0800b5b8        0xc bin/cpal_i2c_hal_stm32f4xx.o
                0x0800b5b8                I2C2_EV_IRQHandler
 .text.I2C2_ER_IRQHandler
                0x0800b5c4       0x10 bin/cpal_i2c_hal_stm32f4xx.o
                0x0800b5c4                I2C2_ER_IRQHandler
 .text.DMA1_Stream7_IRQHandler
                0x0800b5d4        0xc bin/cpal_i2c_hal_stm32f4xx.o
                0x0800b5d4                DMA1_Stream7_IRQHandler
 .text.DMA1_Stream3_IRQHandler
                0x0800b5e0        0xc bin/cpal_i2c_hal_stm32f4xx.o
                0x0800b5e0                DMA1_Stream3_IRQHandler
 .text.I2C3_EV_IRQHandler
                0x0800b5ec        0xc bin/cpal_i2c_hal_stm32f4xx.o
                0x0800b5ec                I2C3_EV_IRQHandler
 .text.I2C3_ER_IRQHandler
                0x0800b5f8       0x10 bin/cpal_i2c_hal_stm32f4xx.o
                0x0800b5f8                I2C3_ER_IRQHandler
 .text.DMA1_Stream4_IRQHandler
                0x0800b608        0xc bin/cpal_i2c_hal_stm32f4xx.o
                0x0800b608                DMA1_Stream4_IRQHandler
 .text.DMA1_Stream2_IRQHandler
                0x0800b614        0xc bin/cpal_i2c_hal_stm32f4xx.o
                0x0800b614                DMA1_Stream2_IRQHandler
 .text.USB_OTG_CoreReset.isra.1
                0x0800b620       0x50 bin/usb_core.o
 .text.USB_OTG_WritePacket
                0x0800b670       0x26 bin/usb_core.o
                0x0800b670                USB_OTG_WritePacket
 .text.USB_OTG_ReadPacket
                0x0800b696       0x20 bin/usb_core.o
                0x0800b696                USB_OTG_ReadPacket
 *fill*         0x0800b6b6        0x2 
 .text.USB_OTG_SelectCore
                0x0800b6b8       0xcc bin/usb_core.o
                0x0800b6b8                USB_OTG_SelectCore
 .text.USB_OTG_CoreInit
                0x0800b784       0x92 bin/usb_core.o
                0x0800b784                USB_OTG_CoreInit
 .text.USB_OTG_EnableGlobalInt
                0x0800b816        0xe bin/usb_core.o
                0x0800b816                USB_OTG_EnableGlobalInt
 .text.USB_OTG_DisableGlobalInt
                0x0800b824        0xe bin/usb_core.o
                0x0800b824                USB_OTG_DisableGlobalInt
 *fill*         0x0800b832        0x2 
 .text.USB_OTG_FlushTxFifo
                0x0800b834       0x48 bin/usb_core.o
                0x0800b834                USB_OTG_FlushTxFifo
 .text.USB_OTG_FlushRxFifo
                0x0800b87c       0x38 bin/usb_core.o
                0x0800b87c                USB_OTG_FlushRxFifo
 .text.USB_OTG_SetCurrentMode
                0x0800b8b4       0x2a bin/usb_core.o
                0x0800b8b4                USB_OTG_SetCurrentMode
 .text.USB_OTG_IsDeviceMode
                0x0800b8de        0xe bin/usb_core.o
                0x0800b8de                USB_OTG_IsDeviceMode
 .text.USB_OTG_ReadCoreItr
                0x0800b8ec        0xa bin/usb_core.o
                0x0800b8ec                USB_OTG_ReadCoreItr
 .text.USB_OTG_InitDevSpeed
                0x0800b8f6        0xc bin/usb_core.o
                0x0800b8f6                USB_OTG_InitDevSpeed
 *fill*         0x0800b902        0x2 
 .text.USB_OTG_EnableDevInt
                0x0800b904       0x48 bin/usb_core.o
                0x0800b904                USB_OTG_EnableDevInt
 .text.USB_OTG_CoreInitDev
                0x0800b94c      0x114 bin/usb_core.o
                0x0800b94c                USB_OTG_CoreInitDev
 .text.USB_OTG_GetDeviceSpeed
                0x0800ba60       0x20 bin/usb_core.o
                0x0800ba60                USB_OTG_GetDeviceSpeed
 .text.USB_OTG_EP0Activate
                0x0800ba80       0x2a bin/usb_core.o
                0x0800ba80                USB_OTG_EP0Activate
 .text.USB_OTG_EPActivate
                0x0800baaa       0x5e bin/usb_core.o
                0x0800baaa                USB_OTG_EPActivate
 .text.USB_OTG_EPDeactivate
                0x0800bb08       0x46 bin/usb_core.o
                0x0800bb08                USB_OTG_EPDeactivate
 .text.USB_OTG_EPStartXfer
                0x0800bb4e      0x108 bin/usb_core.o
                0x0800bb4e                USB_OTG_EPStartXfer
 .text.USB_OTG_EP0StartXfer
                0x0800bc56       0xde bin/usb_core.o
                0x0800bc56                USB_OTG_EP0StartXfer
 .text.USB_OTG_EPSetStall
                0x0800bd34       0x28 bin/usb_core.o
                0x0800bd34                USB_OTG_EPSetStall
 .text.USB_OTG_EPClearStall
                0x0800bd5c       0x2a bin/usb_core.o
                0x0800bd5c                USB_OTG_EPClearStall
 .text.USB_OTG_ReadDevAllOutEp_itr
                0x0800bd86        0xc bin/usb_core.o
                0x0800bd86                USB_OTG_ReadDevAllOutEp_itr
 .text.USB_OTG_ReadDevOutEP_itr
                0x0800bd92       0x10 bin/usb_core.o
                0x0800bd92                USB_OTG_ReadDevOutEP_itr
 .text.USB_OTG_ReadDevAllInEPItr
                0x0800bda2        0xc bin/usb_core.o
                0x0800bda2                USB_OTG_ReadDevAllInEPItr
 .text.USB_OTG_EP0_OutStart
                0x0800bdae       0x42 bin/usb_core.o
                0x0800bdae                USB_OTG_EP0_OutStart
 .text.USBD_OTG_ISR_Handler
                0x0800bdf0      0x46c bin/usb_dcd_int.o
                0x0800bdf0                USBD_OTG_ISR_Handler
 .text.OTG_FS_IRQHandler
                0x0800c25c        0xc bin/usb_dcd_int.o
                0x0800c25c                OTG_FS_IRQHandler
 .text.DCD_Init
                0x0800c268       0x9e bin/usb_dcd.o
                0x0800c268                DCD_Init
 .text.DCD_EP_Open
                0x0800c306       0x42 bin/usb_dcd.o
                0x0800c306                DCD_EP_Open
 .text.DCD_EP_Close
                0x0800c348       0x30 bin/usb_dcd.o
                0x0800c348                DCD_EP_Close
 .text.DCD_EP_PrepareRx
                0x0800c378       0x4e bin/usb_dcd.o
                0x0800c378                DCD_EP_PrepareRx
 .text.DCD_EP_Tx
                0x0800c3c6       0x40 bin/usb_dcd.o
                0x0800c3c6                DCD_EP_Tx
 .text.DCD_EP_Stall
                0x0800c406       0x34 bin/usb_dcd.o
                0x0800c406                DCD_EP_Stall
 .text.DCD_EP_ClrStall
                0x0800c43a       0x34 bin/usb_dcd.o
                0x0800c43a                DCD_EP_ClrStall
 .text.DCD_EP_SetAddress
                0x0800c46e       0x12 bin/usb_dcd.o
                0x0800c46e                DCD_EP_SetAddress
 .text.USBD_CtlSendData
                0x0800c480       0x22 bin/usbd_ioreq.o
                0x0800c480                USBD_CtlSendData
 .text.USBD_CtlContinueSendData
                0x0800c4a2       0x12 bin/usbd_ioreq.o
                0x0800c4a2                USBD_CtlContinueSendData
 .text.USBD_CtlContinueRx
                0x0800c4b4       0x12 bin/usbd_ioreq.o
                0x0800c4b4                USBD_CtlContinueRx
 .text.USBD_CtlSendStatus
                0x0800c4c6       0x1e bin/usbd_ioreq.o
                0x0800c4c6                USBD_CtlSendStatus
 .text.USBD_CtlReceiveStatus
                0x0800c4e4       0x1e bin/usbd_ioreq.o
                0x0800c4e4                USBD_CtlReceiveStatus
 .text.USBD_ParseSetupRequest
                0x0800c502       0x44 bin/usbd_req.o
                0x0800c502                USBD_ParseSetupRequest
 .text.USBD_CtlError
                0x0800c546       0x1c bin/usbd_req.o
                0x0800c546                USBD_CtlError
 *fill*         0x0800c562        0x2 
 .text.USBD_StdDevReq
                0x0800c564      0x258 bin/usbd_req.o
                0x0800c564                USBD_StdDevReq
 .text.USBD_StdItfReq
                0x0800c7bc       0x30 bin/usbd_req.o
                0x0800c7bc                USBD_StdItfReq
 .text.USBD_StdEPReq
                0x0800c7ec       0xc0 bin/usbd_req.o
                0x0800c7ec                USBD_StdEPReq
 .text.USBD_GetString
                0x0800c8ac       0x3a bin/usbd_req.o
                0x0800c8ac                USBD_GetString
 .text.USBD_Resume
                0x0800c8e6       0x16 bin/usbd_core.o
 .text.USBD_Suspend
                0x0800c8fc       0x1c bin/usbd_core.o
 .text.USBD_SOF
                0x0800c918       0x10 bin/usbd_core.o
 .text.USBD_IsoINIncomplete
                0x0800c928        0xe bin/usbd_core.o
 .text.USBD_IsoOUTIncomplete
                0x0800c936        0xe bin/usbd_core.o
 .text.USBD_Reset
                0x0800c944       0x2e bin/usbd_core.o
 .text.USBD_SetupStage
                0x0800c972       0x4a bin/usbd_core.o
 .text.USBD_DataInStage
                0x0800c9bc       0xb8 bin/usbd_core.o
 .text.USBD_DataOutStage
                0x0800ca74       0x76 bin/usbd_core.o
 .text.USBD_Init
                0x0800caea       0x38 bin/usbd_core.o
                0x0800caea                USBD_Init
 .text.USBD_SetCfg
                0x0800cb22       0x18 bin/usbd_core.o
                0x0800cb22                USBD_SetCfg
 .text.USBD_ClrCfg
                0x0800cb3a        0xe bin/usbd_core.o
                0x0800cb3a                USBD_ClrCfg
 .text.platformInit
                0x0800cb48        0xa bin/platform_cf2.o
                0x0800cb48                platformInit
 *fill*         0x0800cb52        0x2 
 .text.ledSet.part.0
                0x0800cb54       0x38 bin/led_f405.o
 .text.ledSet   0x0800cb8c        0xa bin/led_f405.o
                0x0800cb8c                ledSet
 *fill*         0x0800cb96        0x2 
 .text.ledInit  0x0800cb98       0x58 bin/led_f405.o
                0x0800cb98                ledInit
 .text.ledClearAll
                0x0800cbf0       0x14 bin/led_f405.o
                0x0800cbf0                ledClearAll
 .text.ledTest  0x0800cc04       0x64 bin/led_f405.o
                0x0800cc04                ledTest
 .text.mpu6500Init
                0x0800cc68       0x24 bin/mpu6500.o
                0x0800cc68                mpu6500Init
 .text.mpu6500EvaluateSelfTest
                0x0800cc8c       0x6c bin/mpu6500.o
                0x0800cc8c                mpu6500EvaluateSelfTest
 .text.mpu6500SelfTest
                0x0800ccf8      0x464 bin/mpu6500.o
                0x0800ccf8                mpu6500SelfTest
 .text.mpu6500SetRate
                0x0800d15c       0x18 bin/mpu6500.o
                0x0800d15c                mpu6500SetRate
 .text.mpu6500SetDLPFMode
                0x0800d174       0x28 bin/mpu6500.o
                0x0800d174                mpu6500SetDLPFMode
 .text.mpu6500SetFullScaleGyroRange
                0x0800d19c       0x28 bin/mpu6500.o
                0x0800d19c                mpu6500SetFullScaleGyroRange
 .text.mpu6500SetFullScaleAccelRange
                0x0800d1c4       0x28 bin/mpu6500.o
                0x0800d1c4                mpu6500SetFullScaleAccelRange
 .text.mpu6500SetI2CBypassEnabled
                0x0800d1ec       0x24 bin/mpu6500.o
                0x0800d1ec                mpu6500SetI2CBypassEnabled
 .text.mpu6500SetIntEnabled
                0x0800d210       0x18 bin/mpu6500.o
                0x0800d210                mpu6500SetIntEnabled
 .text.mpu6500GetMotion6
                0x0800d228       0x74 bin/mpu6500.o
                0x0800d228                mpu6500GetMotion6
 .text.mpu6500Reset
                0x0800d29c       0x24 bin/mpu6500.o
                0x0800d29c                mpu6500Reset
 .text.mpu6500SetSleepEnabled
                0x0800d2c0       0x24 bin/mpu6500.o
                0x0800d2c0                mpu6500SetSleepEnabled
 .text.mpu6500SetTempSensorEnabled
                0x0800d2e4       0x28 bin/mpu6500.o
                0x0800d2e4                mpu6500SetTempSensorEnabled
 .text.mpu6500SetClockSource
                0x0800d30c       0x28 bin/mpu6500.o
                0x0800d30c                mpu6500SetClockSource
 .text.mpu6500GetDeviceID
                0x0800d334       0x2c bin/mpu6500.o
                0x0800d334                mpu6500GetDeviceID
 .text.mpu6500TestConnection
                0x0800d360       0x10 bin/mpu6500.o
                0x0800d360                mpu6500TestConnection
 .text.i2cdevReleaseSemaphoreI2C1
                0x0800d370       0x28 bin/i2cdev_f405.o
 .text.i2cdevReleaseSemaphoreI2C2
                0x0800d398       0x28 bin/i2cdev_f405.o
 .text.i2cdevReleaseSemaphoreI2C3
                0x0800d3c0       0x28 bin/i2cdev_f405.o
 .text.i2cdevReadTransfer.part.0
                0x0800d3e8       0x68 bin/i2cdev_f405.o
 .text.i2cdevWriteTransfer.part.1
                0x0800d450       0x68 bin/i2cdev_f405.o
 .text.i2cdevRuffLoopDelay.constprop.2
                0x0800d4b8       0x14 bin/i2cdev_f405.o
 .text.i2cdevInit
                0x0800d4cc       0x98 bin/i2cdev_f405.o
                0x0800d4cc                i2cdevInit
 .text.i2cdevRead
                0x0800d564       0x48 bin/i2cdev_f405.o
                0x0800d564                i2cdevRead
 .text.i2cdevReadByte
                0x0800d5ac       0x10 bin/i2cdev_f405.o
                0x0800d5ac                i2cdevReadByte
 .text.i2cdevReadBits
                0x0800d5bc       0x2e bin/i2cdev_f405.o
                0x0800d5bc                i2cdevReadBits
 .text.i2cdevReadBit
                0x0800d5ea       0x22 bin/i2cdev_f405.o
                0x0800d5ea                i2cdevReadBit
 .text.i2cdevRead16
                0x0800d60c       0x3a bin/i2cdev_f405.o
                0x0800d60c                i2cdevRead16
 .text.i2cdevWrite
                0x0800d646       0x4c bin/i2cdev_f405.o
                0x0800d646                i2cdevWrite
 .text.i2cdevWriteByte
                0x0800d692       0x14 bin/i2cdev_f405.o
                0x0800d692                i2cdevWriteByte
 .text.i2cdevWriteBit
                0x0800d6a6       0x3c bin/i2cdev_f405.o
                0x0800d6a6                i2cdevWriteBit
 .text.i2cdevWriteBits
                0x0800d6e2       0x54 bin/i2cdev_f405.o
                0x0800d6e2                i2cdevWriteBits
 .text.i2cdevWrite16
                0x0800d736       0x3a bin/i2cdev_f405.o
                0x0800d736                i2cdevWrite16
 .text.i2cdevUnlockBus
                0x0800d770       0xb6 bin/i2cdev_f405.o
                0x0800d770                i2cdevUnlockBus
 *fill*         0x0800d826        0x2 
 .text.CPAL_I2C_ERR_UserCallback
                0x0800d828       0x14 bin/i2cdev_f405.o
                0x0800d828                CPAL_I2C_ERR_UserCallback
 .text.CPAL_I2C_TXTC_UserCallback
                0x0800d83c       0x2c bin/i2cdev_f405.o
                0x0800d83c                CPAL_I2C_TXTC_UserCallback
 .text.CPAL_I2C_RXTC_UserCallback
                0x0800d868       0x2c bin/i2cdev_f405.o
                0x0800d868                CPAL_I2C_RXTC_UserCallback
 .text.fillLed  0x0800d894       0x5c bin/ws2812.o
 .text.ws2812Init
                0x0800d8f0      0x158 bin/ws2812.o
                0x0800d8f0                ws2812Init
 .text.ws2812Send
                0x0800da48       0x84 bin/ws2812.o
                0x0800da48                ws2812Send
 .text.ws2812DmaIsr
                0x0800dacc       0xc4 bin/ws2812.o
                0x0800dacc                ws2812DmaIsr
 .text.lps25hInit
                0x0800db90       0x2c bin/lps25h.o
                0x0800db90                lps25hInit
 .text.lps25hTestConnection
                0x0800dbbc       0x40 bin/lps25h.o
                0x0800dbbc                lps25hTestConnection
 .text.lps25hEvaluateSelfTest
                0x0800dbfc       0x6c bin/lps25h.o
                0x0800dbfc                lps25hEvaluateSelfTest
 .text.lps25hSetEnabled
                0x0800dc68       0x5c bin/lps25h.o
                0x0800dc68                lps25hSetEnabled
 .text.lps25hPressureToAltitude
                0x0800dcc4       0x54 bin/lps25h.o
                0x0800dcc4                lps25hPressureToAltitude
 .text.lps25hGetData
                0x0800dd18       0x8c bin/lps25h.o
                0x0800dd18                lps25hGetData
 .text.lps25hSelfTest
                0x0800dda4       0x74 bin/lps25h.o
                0x0800dda4                lps25hSelfTest
 .text.ak8963EvaluateSelfTest
                0x0800de18       0x30 bin/ak8963.o
 .text.ak8963Init
                0x0800de48       0x14 bin/ak8963.o
                0x0800de48                ak8963Init
 .text.ak8963TestConnection
                0x0800de5c       0x30 bin/ak8963.o
                0x0800de5c                ak8963TestConnection
 .text.ak8963GetDataReady
                0x0800de8c       0x30 bin/ak8963.o
                0x0800de8c                ak8963GetDataReady
 .text.ak8963GetHeading
                0x0800debc       0x4c bin/ak8963.o
                0x0800debc                ak8963GetHeading
 .text.ak8963GetOverflowStatus
                0x0800df08       0x30 bin/ak8963.o
                0x0800df08                ak8963GetOverflowStatus
 .text.ak8963SetMode
                0x0800df38       0x18 bin/ak8963.o
                0x0800df38                ak8963SetMode
 .text.ak8963SetSelfTest
                0x0800df50       0x24 bin/ak8963.o
                0x0800df50                ak8963SetSelfTest
 .text.ak8963SelfTest
                0x0800df74       0xd4 bin/ak8963.o
                0x0800df74                ak8963SelfTest
 .text.eepromInit
                0x0800e048       0x24 bin/eeprom.o
                0x0800e048                eepromInit
 .text.eepromTestConnection
                0x0800e06c       0x30 bin/eeprom.o
                0x0800e06c                eepromTestConnection
 .text.eepromTest
                0x0800e09c       0x28 bin/eeprom.o
                0x0800e09c                eepromTest
 .text.eepromReadBuffer
                0x0800e0c4       0x30 bin/eeprom.o
                0x0800e0c4                eepromReadBuffer
 .text.eepromWriteBuffer
                0x0800e0f4       0x54 bin/eeprom.o
                0x0800e0f4                eepromWriteBuffer
 .text.uartDmaInit
                0x0800e148       0x74 bin/uart_syslink.o
                0x0800e148                uartDmaInit
 .text.uartInit
                0x0800e1bc      0x144 bin/uart_syslink.o
                0x0800e1bc                uartInit
 .text.uartGetDataWithTimout
                0x0800e300       0x20 bin/uart_syslink.o
                0x0800e300                uartGetDataWithTimout
 .text.uartSendData
                0x0800e320       0x28 bin/uart_syslink.o
                0x0800e320                uartSendData
 .text.uartPutchar
                0x0800e348       0x18 bin/uart_syslink.o
                0x0800e348                uartPutchar
 .text.uartSendDataDmaBlocking
                0x0800e360       0x84 bin/uart_syslink.o
                0x0800e360                uartSendDataDmaBlocking
 .text.uartDmaIsr
                0x0800e3e4       0x58 bin/uart_syslink.o
                0x0800e3e4                uartDmaIsr
 .text.uartIsr  0x0800e43c       0x9c bin/uart_syslink.o
                0x0800e43c                uartIsr
 .text.uartTxenFlowctrlIsr
                0x0800e4d8       0xb4 bin/uart_syslink.o
                0x0800e4d8                uartTxenFlowctrlIsr
 .text.EXTI4_IRQHandler
                0x0800e58c        0x4 bin/uart_syslink.o
                0x0800e58c                EXTI4_IRQHandler
 .text.USART2_IRQHandler
                0x0800e590        0x4 bin/uart_syslink.o
                0x0800e590                USART2_IRQHandler
 .text.UART4_IRQHandler
                0x0800e594        0x4 bin/uart_syslink.o
                0x0800e594                UART4_IRQHandler
 .text.USART6_IRQHandler
                0x0800e598        0x4 bin/uart_syslink.o
                0x0800e598                USART6_IRQHandler
 .text.DMA2_Stream7_IRQHandler
                0x0800e59c        0x4 bin/uart_syslink.o
                0x0800e59c                DMA2_Stream7_IRQHandler
 .text.sonarInit
                0x0800e5a0       0x9c bin/sonar.o
                0x0800e5a0                sonarInit
 .text.sonarExtiInterruptHandler
                0x0800e63c       0x80 bin/sonar.o
                0x0800e63c                sonarExtiInterruptHandler
 .text.USB_OTG_BSP_Init
                0x0800e6bc       0x90 bin/usb_bsp.o
                0x0800e6bc                USB_OTG_BSP_Init
 .text.USB_OTG_BSP_EnableInterrupt
                0x0800e74c       0x2c bin/usb_bsp.o
                0x0800e74c                USB_OTG_BSP_EnableInterrupt
 .text.USB_OTG_BSP_uDelay
                0x0800e778       0x14 bin/usb_bsp.o
                0x0800e778                USB_OTG_BSP_uDelay
 .text.USB_OTG_BSP_mDelay
                0x0800e78c        0xa bin/usb_bsp.o
                0x0800e78c                USB_OTG_BSP_mDelay
 .text.usblinkSetEnable
                0x0800e796        0x4 bin/usblink.o
 *fill*         0x0800e79a        0x2 
 .text.usblinkTask
                0x0800e79c       0x3c bin/usblink.o
 .text.usblinkReceiveCRTPPacket
                0x0800e7d8       0x2c bin/usblink.o
 .text.usblinkSendPacket
                0x0800e804       0x50 bin/usblink.o
 .text.usblinkInit
                0x0800e854       0x4c bin/usblink.o
                0x0800e854                usblinkInit
 .text.usblinkGetLink
                0x0800e8a0        0x8 bin/usblink.o
                0x0800e8a0                usblinkGetLink
 .text.USBD_USR_DeviceDescriptor
                0x0800e8a8        0xc bin/usbd_desc.o
                0x0800e8a8                USBD_USR_DeviceDescriptor
 .text.USBD_USR_LangIDStrDescriptor
                0x0800e8b4        0xc bin/usbd_desc.o
                0x0800e8b4                USBD_USR_LangIDStrDescriptor
 .text.USBD_USR_ManufacturerStrDescriptor
                0x0800e8c0       0x1c bin/usbd_desc.o
                0x0800e8c0                USBD_USR_ManufacturerStrDescriptor
 .text.USBD_USR_SerialStrDescriptor
                0x0800e8dc       0x54 bin/usbd_desc.o
                0x0800e8dc                USBD_USR_SerialStrDescriptor
 .text.USBD_USR_ProductStrDescriptor
                0x0800e930       0x24 bin/usbd_desc.o
                0x0800e930                USBD_USR_ProductStrDescriptor
 .text.USBD_USR_ConfigStrDescriptor
                0x0800e954       0x1c bin/usbd_desc.o
                0x0800e954                USBD_USR_ConfigStrDescriptor
 .text.USBD_USR_InterfaceStrDescriptor
                0x0800e970       0x24 bin/usbd_desc.o
                0x0800e970                USBD_USR_InterfaceStrDescriptor
 .text.usbd_cf_GetCfgDesc
                0x0800e994        0xc bin/usb.o
 .text.USBD_USR_Init
                0x0800e9a0        0x2 bin/usb.o
                0x0800e9a0                USBD_USR_Init
 .text.USBD_USR_DeviceReset
                0x0800e9a2        0x2 bin/usb.o
                0x0800e9a2                USBD_USR_DeviceReset
 .text.USBD_USR_DeviceConfigured
                0x0800e9a4        0x2 bin/usb.o
                0x0800e9a4                USBD_USR_DeviceConfigured
 .text.USBD_USR_DeviceResumed
                0x0800e9a6        0x2 bin/usb.o
                0x0800e9a6                USBD_USR_DeviceResumed
 .text.USBD_USR_DeviceConnected
                0x0800e9a8        0x2 bin/usb.o
                0x0800e9a8                USBD_USR_DeviceConnected
 *fill*         0x0800e9aa        0x2 
 .text.usbd_cf_DataOut
                0x0800e9ac       0x40 bin/usb.o
 .text.USBD_USR_DeviceSuspended
                0x0800e9ec        0xe bin/usb.o
                0x0800e9ec                USBD_USR_DeviceSuspended
 .text.USBD_USR_DeviceDisconnected
                0x0800e9fa        0xe bin/usb.o
                0x0800e9fa                USBD_USR_DeviceDisconnected
 .text.usbd_cf_DeInit
                0x0800ea08       0x16 bin/usb.o
 *fill*         0x0800ea1e        0x2 
 .text.usbd_cf_Init
                0x0800ea20       0x30 bin/usb.o
 .text.usbd_cf_SOF
                0x0800ea50       0x38 bin/usb.o
 .text.usbd_cf_DataIn
                0x0800ea88       0x38 bin/usb.o
 .text.usbd_cf_Setup
                0x0800eac0       0x24 bin/usb.o
 .text.usbInit  0x0800eae4       0x58 bin/usb.o
                0x0800eae4                usbInit
 .text.usbGetDataBlocking
                0x0800eb3c       0x20 bin/usb.o
                0x0800eb3c                usbGetDataBlocking
 .text.usbSendData
                0x0800eb5c       0x30 bin/usb.o
                0x0800eb5c                usbSendData
 .text.imu6Init
                0x0800eb8c      0x1a8 bin/imu_cf2.o
                0x0800eb8c                imu6Init
 .text.imu6Test
                0x0800ed34       0x54 bin/imu_cf2.o
                0x0800ed34                imu6Test
 .text.imu6Read
                0x0800ed88      0x320 bin/imu_cf2.o
                0x0800ed88                imu6Read
 .text.imu6ManufacturingTest
                0x0800f0a8      0x10c bin/imu_cf2.o
                0x0800f0a8                imu6ManufacturingTest
 .text.imu6IsCalibrated
                0x0800f1b4        0xc bin/imu_cf2.o
                0x0800f1b4                imu6IsCalibrated
 .text.imu9Read
                0x0800f1c0       0x78 bin/imu_cf2.o
                0x0800f1c0                imu9Read
 .text.imuHasBarometer
                0x0800f238        0xc bin/imu_cf2.o
                0x0800f238                imuHasBarometer
 .text.pmSetBatteryVoltage
                0x0800f244       0x3c bin/pm_f405.o
 .text.pmInit   0x0800f280       0x4c bin/pm_f405.o
                0x0800f280                pmInit
 .text.pmTest   0x0800f2cc        0xc bin/pm_f405.o
                0x0800f2cc                pmTest
 .text.pmGetBatteryVoltage
                0x0800f2d8        0xc bin/pm_f405.o
                0x0800f2d8                pmGetBatteryVoltage
 .text.pmSyslinkUpdate
                0x0800f2e4       0x20 bin/pm_f405.o
                0x0800f2e4                pmSyslinkUpdate
 .text.pmUpdateState
                0x0800f304       0x40 bin/pm_f405.o
                0x0800f304                pmUpdateState
 .text.pmTask   0x0800f344      0x13c bin/pm_f405.o
                0x0800f344                pmTask
 .text.pmIsDischarging
                0x0800f480       0x14 bin/pm_f405.o
                0x0800f480                pmIsDischarging
 .text.syslinkTask
                0x0800f494      0x100 bin/syslink.o
 .text.syslinkInit
                0x0800f594       0x58 bin/syslink.o
                0x0800f594                syslinkInit
 .text.syslinkTest
                0x0800f5ec        0xc bin/syslink.o
                0x0800f5ec                syslinkTest
 .text.syslinkSendPacket
                0x0800f5f8       0x94 bin/syslink.o
                0x0800f5f8                syslinkSendPacket
 .text.radiolinkSetEnable
                0x0800f68c        0x4 bin/radiolink.o
 .text.radiolinkSendCRTPPacket
                0x0800f690       0x54 bin/radiolink.o
 .text.radiolinkReceiveCRTPPacket
                0x0800f6e4       0x20 bin/radiolink.o
 .text.radiolinkTest
                0x0800f704        0x4 bin/radiolink.o
                0x0800f704                radiolinkTest
 .text.radiolinkSetChannel
                0x0800f708       0x1e bin/radiolink.o
                0x0800f708                radiolinkSetChannel
 .text.radiolinkSetDatarate
                0x0800f726       0x20 bin/radiolink.o
                0x0800f726                radiolinkSetDatarate
 .text.radiolinkSetAddress
                0x0800f746       0x2e bin/radiolink.o
                0x0800f746                radiolinkSetAddress
 .text.radiolinkInit
                0x0800f774       0x6c bin/radiolink.o
                0x0800f774                radiolinkInit
 .text.radiolinkSyslinkDispatch
                0x0800f7e0       0x68 bin/radiolink.o
                0x0800f7e0                radiolinkSyslinkDispatch
 .text.radiolinkGetLink
                0x0800f848        0x8 bin/radiolink.o
                0x0800f848                radiolinkGetLink
 .text.owSyslinkTransfer
                0x0800f850       0x80 bin/ow_syslink.o
 .text.owInit   0x0800f8d0       0x48 bin/ow_syslink.o
                0x0800f8d0                owInit
 .text.owSyslinkRecieve
                0x0800f918       0x40 bin/ow_syslink.o
                0x0800f918                owSyslinkRecieve
 .text.owScan   0x0800f958       0x44 bin/ow_syslink.o
                0x0800f958                owScan
 .text.owGetinfo
                0x0800f99c       0x58 bin/ow_syslink.o
                0x0800f99c                owGetinfo
 .text.owTest   0x0800f9f4       0x9c bin/ow_syslink.o
                0x0800f9f4                owTest
 .text.owRead   0x0800fa90       0xc8 bin/ow_syslink.o
                0x0800fa90                owRead
 .text.owWrite  0x0800fb58       0xd0 bin/ow_syslink.o
                0x0800fb58                owWrite
 .text.whiteSpinEffect
                0x0800fc28       0x58 bin/neopixelring.o
 .text.solidColorEffect
                0x0800fc80       0xa4 bin/neopixelring.o
 .text.boatEffect
                0x0800fd24       0x6c bin/neopixelring.o
 .text.colorSpinEffect
                0x0800fd90       0x58 bin/neopixelring.o
 .text.spinEffect2
                0x0800fde8       0x60 bin/neopixelring.o
 .text.doubleSpinEffect
                0x0800fe48       0x70 bin/neopixelring.o
 .text.siren    0x0800feb8       0x5c bin/neopixelring.o
 .text.batteryChargeEffect
                0x0800ff14       0xe0 bin/neopixelring.o
 .text.brightnessEffect
                0x0800fff4      0x140 bin/neopixelring.o
 .text.tiltEffect
                0x08010134      0x380 bin/neopixelring.o
 .text.gravityLight
                0x080104b4      0x154 bin/neopixelring.o
 .text.neopixelringTimer
                0x08010608       0x44 bin/neopixelring.o
 .text.blackEffect
                0x0801064c       0x16 bin/neopixelring.o
 *fill*         0x08010662        0x2 
 .text.ledTestEffect
                0x08010664       0xb8 bin/neopixelring.o
 .text.neopixelringWorker
                0x0801071c       0x4c bin/neopixelring.o
                0x0801071c                neopixelringWorker
 .text.neopixelringInit
                0x08010768       0x70 bin/neopixelring.o
                0x08010768                neopixelringInit
 .text.expbrdInit
                0x080107d8      0x13c bin/expbrd.o
                0x080107d8                expbrdInit
 .text.expbrdTest
                0x08010914       0x6c bin/expbrd.o
                0x08010914                expbrdTest
 .text.platformserviceHandler
                0x08010980       0x74 bin/platformservice.o
                0x08010980                platformserviceHandler
 .text.platformserviceInit
                0x080109f4       0x20 bin/platformservice.o
                0x080109f4                platformserviceInit
 .text.platformserviceTest
                0x08010a14        0xc bin/platformservice.o
                0x08010a14                platformserviceTest
 .text.exptestTestAllPins
                0x08010a20       0x40 bin/exptest.o
 .text.exptestRun
                0x08010a60      0x1a8 bin/exptest.o
                0x08010a60                exptestRun
 .text.adcInit  0x08010c08       0x64 bin/deck_analog.o
                0x08010c08                adcInit
 .text.configblockWrite
                0x08010c6c       0x26 bin/configblockeeprom.o
 *fill*         0x08010c92        0x2 
 .text.configblockInit
                0x08010c94      0x130 bin/configblockeeprom.o
                0x08010c94                configblockInit
 .text.configblockTest
                0x08010dc4        0x4 bin/configblockeeprom.o
                0x08010dc4                configblockTest
 .text.configblockGetRadioChannel
                0x08010dc8       0x18 bin/configblockeeprom.o
                0x08010dc8                configblockGetRadioChannel
 .text.configblockGetRadioSpeed
                0x08010de0       0x14 bin/configblockeeprom.o
                0x08010de0                configblockGetRadioSpeed
 .text.configblockGetRadioAddress
                0x08010df4       0x24 bin/configblockeeprom.o
                0x08010df4                configblockGetRadioAddress
 .text.configblockGetCalibPitch
                0x08010e18       0x20 bin/configblockeeprom.o
                0x08010e18                configblockGetCalibPitch
 .text.configblockGetCalibRoll
                0x08010e38       0x20 bin/configblockeeprom.o
                0x08010e38                configblockGetCalibRoll
 .text.atanf    0x08010e58      0x1b8 c:/program files (x86)/gnu tools arm embedded/4.9 2015q2/bin/../lib/gcc/arm-none-eabi/4.9.3/../../../../arm-none-eabi/lib/armv7e-m/fpu\libm.a(lib_a-sf_atan.o)
                0x08010e58                atanf
 .text.cosf     0x08011010       0x78 c:/program files (x86)/gnu tools arm embedded/4.9 2015q2/bin/../lib/gcc/arm-none-eabi/4.9.3/../../../../arm-none-eabi/lib/armv7e-m/fpu\libm.a(lib_a-sf_cos.o)
                0x08011010                cosf
 .text.fabsf    0x08011088       0x10 c:/program files (x86)/gnu tools arm embedded/4.9 2015q2/bin/../lib/gcc/arm-none-eabi/4.9.3/../../../../arm-none-eabi/lib/armv7e-m/fpu\libm.a(lib_a-sf_fabs.o)
                0x08011088                fabsf
 .text.sinf     0x08011098       0x7c c:/program files (x86)/gnu tools arm embedded/4.9 2015q2/bin/../lib/gcc/arm-none-eabi/4.9.3/../../../../arm-none-eabi/lib/armv7e-m/fpu\libm.a(lib_a-sf_sin.o)
                0x08011098                sinf
 .text.tanf     0x08011114       0x5c c:/program files (x86)/gnu tools arm embedded/4.9 2015q2/bin/../lib/gcc/arm-none-eabi/4.9.3/../../../../arm-none-eabi/lib/armv7e-m/fpu\libm.a(lib_a-sf_tan.o)
                0x08011114                tanf
 .text.asinf    0x08011170       0xbc c:/program files (x86)/gnu tools arm embedded/4.9 2015q2/bin/../lib/gcc/arm-none-eabi/4.9.3/../../../../arm-none-eabi/lib/armv7e-m/fpu\libm.a(lib_a-wf_asin.o)
                0x08011170                asinf
 .text.atan2f   0x0801122c        0x4 c:/program files (x86)/gnu tools arm embedded/4.9 2015q2/bin/../lib/gcc/arm-none-eabi/4.9.3/../../../../arm-none-eabi/lib/armv7e-m/fpu\libm.a(lib_a-wf_atan2.o)
                0x0801122c                atan2f
 .text.powf     0x08011230      0x344 c:/program files (x86)/gnu tools arm embedded/4.9 2015q2/bin/../lib/gcc/arm-none-eabi/4.9.3/../../../../arm-none-eabi/lib/armv7e-m/fpu\libm.a(lib_a-wf_pow.o)
                0x08011230                powf
 .text.__ieee754_asinf